   1              		.syntax unified
   2              		.cpu cortex-m3
   3              		.fpu softvfp
   4              		.eabi_attribute 20, 1
   5              		.eabi_attribute 21, 1
   6              		.eabi_attribute 23, 3
   7              		.eabi_attribute 24, 1
   8              		.eabi_attribute 25, 1
   9              		.eabi_attribute 26, 1
  10              		.eabi_attribute 30, 4
  11              		.eabi_attribute 18, 4
  12              		.thumb
  13              		.file	"main.cpp"
  14              		.section	.text._Z9Event_Kbdv,"ax",%progbits
  15              		.align	1
  16              		.global	_Z9Event_Kbdv
  17              		.thumb
  18              		.thumb_func
  20              	_Z9Event_Kbdv:
  21              		@ args = 0, pretend = 0, frame = 0
  22              		@ frame_needed = 0, uses_anonymous_args = 0
  23 0000 08B5     		push	{r3, lr}
  24 0002 064B     		ldr	r3, .L2
  25 0004 0648     		ldr	r0, .L2+4
  26 0006 1979     		ldrb	r1, [r3, #4]	@ zero_extendqisi2
  27 0008 5A79     		ldrb	r2, [r3, #5]	@ zero_extendqisi2
  28 000a FFF7FEFF 		bl	klPrintf
  29 000e 0548     		ldr	r0, .L2+8
  30 0010 0549     		ldr	r1, .L2+12
  31 0012 BDE80840 		pop	{r3, lr}
  32 0016 FFF7FEBF 		b	_ZN7Sound_t4PlayEPKc
  33              	.L3:
  34 001a 00BF     		.align	2
  35              	.L2:
  36 001c 00000000 		.word	Keys
  37 0020 00000000 		.word	.LC0
  38 0024 00000000 		.word	ESnd
  39 0028 00000000 		.word	.LANCHOR0
  41              		.section	.text._ZN10Settings_t4ReadEv,"ax",%progbits
  42              		.align	1
  43              		.global	_ZN10Settings_t4ReadEv
  44              		.thumb
  45              		.thumb_func
  47              	_ZN10Settings_t4ReadEv:
  48              		@ args = 0, pretend = 0, frame = 0
  49              		@ frame_needed = 0, uses_anonymous_args = 0
  50 0000 10B5     		push	{r4, lr}
  51 0002 1B48     		ldr	r0, .L12
  52 0004 1B49     		ldr	r1, .L12+4
  53 0006 1C4A     		ldr	r2, .L12+8
  54 0008 1C4B     		ldr	r3, .L12+12
  55 000a FFF7FEFF 		bl	_Z10ReadStringPKcS0_S0_Pc
  56 000e 0028     		cmp	r0, #0
  57 0010 2CD0     		beq	.L5
  58 0012 1748     		ldr	r0, .L12
  59 0014 1A49     		ldr	r1, .L12+16
  60 0016 184A     		ldr	r2, .L12+8
  61 0018 1A4B     		ldr	r3, .L12+20
  62 001a FFF7FEFF 		bl	_Z10ReadStringPKcS0_S0_Pc
  63 001e 0028     		cmp	r0, #0
  64 0020 24D0     		beq	.L5
  65 0022 1348     		ldr	r0, .L12
  66 0024 1849     		ldr	r1, .L12+24
  67 0026 144A     		ldr	r2, .L12+8
  68 0028 184B     		ldr	r3, .L12+28
  69 002a FFF7FEFF 		bl	_Z10ReadStringPKcS0_S0_Pc
  70 002e 0028     		cmp	r0, #0
  71 0030 1CD0     		beq	.L5
  72 0032 0F48     		ldr	r0, .L12
  73 0034 1649     		ldr	r1, .L12+32
  74 0036 104A     		ldr	r2, .L12+8
  75 0038 164B     		ldr	r3, .L12+36
  76 003a FFF7FEFF 		bl	_Z10ReadStringPKcS0_S0_Pc
  77 003e A8B1     		cbz	r0, .L5
  78 0040 0B48     		ldr	r0, .L12
  79 0042 1549     		ldr	r1, .L12+40
  80 0044 0C4A     		ldr	r2, .L12+8
  81 0046 154B     		ldr	r3, .L12+44
  82 0048 FFF7FEFF 		bl	_Z10ReadStringPKcS0_S0_Pc
  83 004c 70B1     		cbz	r0, .L5
  84 004e 1448     		ldr	r0, .L12+48
  85 0050 094A     		ldr	r2, .L12+8
  86 0052 0146     		mov	r1, r0
  87 0054 134B     		ldr	r3, .L12+52
  88 0056 FFF7FEFF 		bl	_Z9ReadInt32PKcS0_S0_Pl
  89 005a 38B1     		cbz	r0, .L5
  90 005c 1048     		ldr	r0, .L12+48
  91 005e 1249     		ldr	r1, .L12+56
  92 0060 054A     		ldr	r2, .L12+8
  93 0062 124B     		ldr	r3, .L12+60
  94 0064 BDE81040 		pop	{r4, lr}
  95 0068 FFF7FEBF 		b	_Z9ReadInt32PKcS0_S0_Pl
  96              	.L5:
  97 006c 10BD     		pop	{r4, pc}
  98              	.L13:
  99 006e 00BF     		.align	2
 100              	.L12:
 101 0070 0D000000 		.word	.LC1
 102 0074 13000000 		.word	.LC2
 103 0078 1B000000 		.word	.LC3
 104 007c 00000000 		.word	.LANCHOR0
 105 0080 24000000 		.word	.LC4
 106 0084 0D000000 		.word	.LANCHOR0+13
 107 0088 2C000000 		.word	.LC5
 108 008c 1A000000 		.word	.LANCHOR0+26
 109 0090 36000000 		.word	.LC6
 110 0094 27000000 		.word	.LANCHOR0+39
 111 0098 3B000000 		.word	.LC7
 112 009c 34000000 		.word	.LANCHOR0+52
 113 00a0 41000000 		.word	.LC8
 114 00a4 44000000 		.word	.LANCHOR0+68
 115 00a8 46000000 		.word	.LC9
 116 00ac 48000000 		.word	.LANCHOR0+72
 118              		.section	.text._Z11GeneralInitv,"ax",%progbits
 119              		.align	1
 120              		.global	_Z11GeneralInitv
 121              		.thumb
 122              		.thumb_func
 124              	_Z11GeneralInitv:
 125              		@ args = 0, pretend = 0, frame = 0
 126              		@ frame_needed = 0, uses_anonymous_args = 0
 127 0000 10B5     		push	{r4, lr}
 128 0002 FFF7FEFF 		bl	UART_Init
 129 0006 0121     		movs	r1, #1
 130 0008 1448     		ldr	r0, .L18
 131 000a FFF7FEFF 		bl	GPIO_PinRemapConfig
 132 000e 144C     		ldr	r4, .L18+4
 133 0010 4FF48060 		mov	r0, #1024
 134 0014 FFF7FEFF 		bl	NVIC_PriorityGroupConfig
 135 0018 1248     		ldr	r0, .L18+8
 136 001a FFF7FEFF 		bl	_ZN7Delay_t4InitEv
 137 001e 2046     		mov	r0, r4
 138 0020 FFF7FEFF 		bl	_ZN6Keys_t4InitEv
 139 0024 104B     		ldr	r3, .L18+12
 140 0026 1148     		ldr	r0, .L18+16
 141 0028 A360     		str	r3, [r4, #8]
 142 002a E360     		str	r3, [r4, #12]
 143 002c FFF7FEFF 		bl	_ZN4VS_t4InitEv
 144 0030 0F48     		ldr	r0, .L18+20
 145 0032 FFF7FEFF 		bl	_ZN7Sound_t4InitEv
 146 0036 0F48     		ldr	r0, .L18+24
 147 0038 FFF7FEFF 		bl	klPrintf
 148 003c 0020     		movs	r0, #0
 149 003e 0E49     		ldr	r1, .L18+28
 150 0040 FFF7FEFF 		bl	f_mount
 151 0044 0D48     		ldr	r0, .L18+32
 152 0046 FFF7FEFF 		bl	_ZN10Settings_t4ReadEv
 153 004a 00B9     		cbnz	r0, .L15
 154              	.L17:
 155 004c FEE7     		b	.L17
 156              	.L15:
 157 004e 0848     		ldr	r0, .L18+20
 158 0050 0B49     		ldr	r1, .L18+36
 159 0052 BDE81040 		pop	{r4, lr}
 160 0056 FFF7FEBF 		b	_ZN7Sound_t4PlayEPKc
 161              	.L19:
 162 005a 00BF     		.align	2
 163              	.L18:
 164 005c 00023000 		.word	3146240
 165 0060 00000000 		.word	Keys
 166 0064 00000000 		.word	Delay
 167 0068 00000000 		.word	_Z9Event_Kbdv
 168 006c 00000000 		.word	Vs
 169 0070 00000000 		.word	ESnd
 170 0074 52000000 		.word	.LC10
 171 0078 70000000 		.word	SD+112
 172 007c 00000000 		.word	.LANCHOR0
 173 0080 5E000000 		.word	.LC11
 175              		.section	.text.startup.main,"ax",%progbits
 176              		.align	1
 177              		.global	main
 178              		.thumb
 179              		.thumb_func
 181              	main:
 182              		@ Volatile: function does not return.
 183              		@ args = 0, pretend = 0, frame = 0
 184              		@ frame_needed = 0, uses_anonymous_args = 0
 185 0000 08B5     		push	{r3, lr}
 186 0002 FFF7FEFF 		bl	_Z11GeneralInitv
 187              	.L21:
 188 0006 0348     		ldr	r0, .L22
 189 0008 FFF7FEFF 		bl	_ZN6Keys_t4TaskEv
 190 000c 0248     		ldr	r0, .L22+4
 191 000e FFF7FEFF 		bl	_ZN7Sound_t4TaskEv
 192 0012 F8E7     		b	.L21
 193              	.L23:
 194              		.align	2
 195              	.L22:
 196 0014 00000000 		.word	Keys
 197 0018 00000000 		.word	ESnd
 199              		.global	Settings
 200              		.section	.rodata.str1.1,"aMS",%progbits,1
 201              	.LC0:
 202 0000 4B657920 		.ascii	"Key = %u %u\015\000"
 202      3D202575 
 202      2025750D 
 202      00
 203              	.LC1:
 204 000d 536F756E 		.ascii	"Sound\000"
 204      6400
 205              	.LC2:
 206 0013 4B657942 		.ascii	"KeyBeep\000"
 206      65657000 
 207              	.LC3:
 208 001b 6C6F636B 		.ascii	"lock.ini\000"
 208      2E696E69 
 208      00
 209              	.LC4:
 210 0024 4B657944 		.ascii	"KeyDrop\000"
 210      726F7000 
 211              	.LC5:
 212 002c 50617373 		.ascii	"PassError\000"
 212      4572726F 
 212      7200
 213              	.LC6:
 214 0036 4F70656E 		.ascii	"Open\000"
 214      00
 215              	.LC7:
 216 003b 436C6F73 		.ascii	"Close\000"
 216      6500
 217              	.LC8:
 218 0041 436F6465 		.ascii	"Code\000"
 218      00
 219              	.LC9:
 220 0046 53657276 		.ascii	"ServiceCode\000"
 220      69636543 
 220      6F646500 
 221              	.LC10:
 222 0052 4C6F636B 		.ascii	"Lock is on\015\000"
 222      20697320 
 222      6F6E0D00 
 223              	.LC11:
 224 005e 616C6976 		.ascii	"alive.wav\000"
 224      652E7761 
 224      7600
 225              		.section	.bss.Settings,"aw",%nobits
 226              		.align	2
 227              		.set	.LANCHOR0,. + 0
 230              	Settings:
 231 0000 00000000 		.space	76
 231      00000000 
 231      00000000 
 231      00000000 
 231      00000000 
 232              		.ident	"GCC: (GNU) 4.6.2"
DEFINED SYMBOLS
                            *ABS*:00000000 main.cpp
C:\Users\kreyl\AppData\Local\Temp\ccqxbSPo.s:15     .text._Z9Event_Kbdv:00000000 $t
C:\Users\kreyl\AppData\Local\Temp\ccqxbSPo.s:20     .text._Z9Event_Kbdv:00000000 _Z9Event_Kbdv
C:\Users\kreyl\AppData\Local\Temp\ccqxbSPo.s:36     .text._Z9Event_Kbdv:0000001c $d
C:\Users\kreyl\AppData\Local\Temp\ccqxbSPo.s:42     .text._ZN10Settings_t4ReadEv:00000000 $t
C:\Users\kreyl\AppData\Local\Temp\ccqxbSPo.s:47     .text._ZN10Settings_t4ReadEv:00000000 _ZN10Settings_t4ReadEv
C:\Users\kreyl\AppData\Local\Temp\ccqxbSPo.s:101    .text._ZN10Settings_t4ReadEv:00000070 $d
C:\Users\kreyl\AppData\Local\Temp\ccqxbSPo.s:119    .text._Z11GeneralInitv:00000000 $t
C:\Users\kreyl\AppData\Local\Temp\ccqxbSPo.s:124    .text._Z11GeneralInitv:00000000 _Z11GeneralInitv
C:\Users\kreyl\AppData\Local\Temp\ccqxbSPo.s:164    .text._Z11GeneralInitv:0000005c $d
C:\Users\kreyl\AppData\Local\Temp\ccqxbSPo.s:176    .text.startup.main:00000000 $t
C:\Users\kreyl\AppData\Local\Temp\ccqxbSPo.s:181    .text.startup.main:00000000 main
C:\Users\kreyl\AppData\Local\Temp\ccqxbSPo.s:196    .text.startup.main:00000014 $d
C:\Users\kreyl\AppData\Local\Temp\ccqxbSPo.s:230    .bss.Settings:00000000 Settings
C:\Users\kreyl\AppData\Local\Temp\ccqxbSPo.s:226    .bss.Settings:00000000 $d

UNDEFINED SYMBOLS
klPrintf
_ZN7Sound_t4PlayEPKc
Keys
ESnd
_Z10ReadStringPKcS0_S0_Pc
_Z9ReadInt32PKcS0_S0_Pl
UART_Init
GPIO_PinRemapConfig
NVIC_PriorityGroupConfig
_ZN7Delay_t4InitEv
_ZN6Keys_t4InitEv
_ZN4VS_t4InitEv
_ZN7Sound_t4InitEv
f_mount
Delay
Vs
SD
_ZN6Keys_t4TaskEv
_ZN7Sound_t4TaskEv
