Archive member included because of file (symbol)

/Users/mavka/svn/nute/HandyDevices/Deluvio/diluvio_fw/libavr5g1-4qt-k-0rs.a(burst_1_1_10_0.o)
                              ./sensors.o (burst_1_1_10_0)
/Users/mavka/svn/nute/HandyDevices/Deluvio/diluvio_fw/libavr5g1-4qt-k-0rs.a(touch_api.o)
                              ./sensors.o (qt_enable_key)
/Users/mavka/svn/nute/HandyDevices/Deluvio/diluvio_fw/libavr5g1-4qt-k-0rs.a(touch_process.o)
                              /Users/mavka/svn/nute/HandyDevices/Deluvio/diluvio_fw/libavr5g1-4qt-k-0rs.a(touch_api.o) (start_cal_sensor)
/Users/mavka/svn/nute/HandyDevices/Deluvio/diluvio_fw/libavr5g1-4qt-k-0rs.a(touch_burst_qt.o)
                              /Users/mavka/svn/nute/HandyDevices/Deluvio/diluvio_fw/libavr5g1-4qt-k-0rs.a(touch_api.o) (burst_init)
/usr/local/CrossPack-AVR-20100115/lib/gcc/avr/4.3.3/avr5/libgcc.a(_udivmodqi4.o)
                              ./lcd110x.o (__udivmodqi4)
/usr/local/CrossPack-AVR-20100115/lib/gcc/avr/4.3.3/avr5/libgcc.a(_udivmodhi4.o)
                              ./battery.o (__udivmodhi4)
/usr/local/CrossPack-AVR-20100115/lib/gcc/avr/4.3.3/avr5/libgcc.a(_prologue.o)
                              /Users/mavka/svn/nute/HandyDevices/Deluvio/diluvio_fw/libavr5g1-4qt-k-0rs.a(burst_1_1_10_0.o) (__prologue_saves__)
/usr/local/CrossPack-AVR-20100115/lib/gcc/avr/4.3.3/avr5/libgcc.a(_epilogue.o)
                              /Users/mavka/svn/nute/HandyDevices/Deluvio/diluvio_fw/libavr5g1-4qt-k-0rs.a(burst_1_1_10_0.o) (__epilogue_restores__)
/usr/local/CrossPack-AVR-20100115/lib/gcc/avr/4.3.3/avr5/libgcc.a(_exit.o)
                              /usr/local/CrossPack-AVR-20100115/lib/gcc/avr/4.3.3/../../../../avr/lib/avr5/crtm16.o (exit)
/usr/local/CrossPack-AVR-20100115/lib/gcc/avr/4.3.3/avr5/libgcc.a(_copy_data.o)
                              ./lcd110x.o (__do_copy_data)
/usr/local/CrossPack-AVR-20100115/lib/gcc/avr/4.3.3/avr5/libgcc.a(_clear_bss.o)
                              ./battery.o (__do_clear_bss)
/usr/local/CrossPack-AVR-20100115/lib/gcc/avr/4.3.3/../../../../avr/lib/avr5/libc.a(eerd_block_atmega16.o)
                              ./main.o (__eerd_block_m16)
/usr/local/CrossPack-AVR-20100115/lib/gcc/avr/4.3.3/../../../../avr/lib/avr5/libc.a(eerd_byte_atmega16.o)
                              ./main.o (__eerd_byte_m16)
/usr/local/CrossPack-AVR-20100115/lib/gcc/avr/4.3.3/../../../../avr/lib/avr5/libc.a(eewr_block_atmega16.o)
                              ./main.o (__eewr_block_m16)
/usr/local/CrossPack-AVR-20100115/lib/gcc/avr/4.3.3/../../../../avr/lib/avr5/libc.a(eewr_byte_atmega16.o)
                              /usr/local/CrossPack-AVR-20100115/lib/gcc/avr/4.3.3/../../../../avr/lib/avr5/libc.a(eewr_block_atmega16.o) (__eewr_r18_m16)

Allocating common symbols
Common symbol       size              file

MustSleep           0x1               ./main.o
Pumps               0x28              ./main.o
CurrentPump         0x1               ./menu.o
TickCounter         0x2               ./delay_util.o
EBeep               0x5               ./beep.o
EState              0x1               ./menu.o
IsPumping           0x1               ./main.o
PumpsSettingsChanged
                    0x1               ./main.o
BatteryADCValue     0x2               ./battery.o
EMenu               0x3               ./menu.o
NeedToExit          0x1               ./menu.o
Time                0x4               ./time.o
EKeys               0x7               ./sensors.o
CurrentMenu         0x2               ./menu.o

Memory Configuration

Name             Origin             Length             Attributes
text             0x00000000         0x00020000         xr
data             0x00800060         0x0000ffa0         rw !x
eeprom           0x00810000         0x00010000         rw !x
fuse             0x00820000         0x00000400         rw !x
lock             0x00830000         0x00000400         rw !x
signature        0x00840000         0x00000400         rw !x
*default*        0x00000000         0xffffffff

Linker script and memory map

LOAD /usr/local/CrossPack-AVR-20100115/lib/gcc/avr/4.3.3/../../../../avr/lib/avr5/crtm16.o
LOAD ./battery.o
LOAD ./beep.o
LOAD ./delay_util.o
LOAD ./images.o
LOAD ./lcd110x.o
LOAD ./lcd_font.o
LOAD ./main.o
LOAD ./menu.o
LOAD ./qt_asm_tiny_mega.o
LOAD ./sensors.o
LOAD ./time.o
LOAD ./.metadata/.plugins/org.eclipse.cdt.make.core/specs.o
LOAD /Users/mavka/svn/nute/HandyDevices/Deluvio/diluvio_fw/libavr5g1-4qt-k-0rs.a
LOAD /usr/local/CrossPack-AVR-20100115/lib/gcc/avr/4.3.3/avr5/libgcc.a
LOAD /usr/local/CrossPack-AVR-20100115/lib/gcc/avr/4.3.3/../../../../avr/lib/avr5/libc.a
LOAD /usr/local/CrossPack-AVR-20100115/lib/gcc/avr/4.3.3/avr5/libgcc.a

.hash
 *(.hash)

.dynsym
 *(.dynsym)

.dynstr
 *(.dynstr)

.gnu.version
 *(.gnu.version)

.gnu.version_d
 *(.gnu.version_d)

.gnu.version_r
 *(.gnu.version_r)

.rel.init
 *(.rel.init)

.rela.init
 *(.rela.init)

.rel.text
 *(.rel.text)
 *(.rel.text.*)
 *(.rel.gnu.linkonce.t*)

.rela.text
 *(.rela.text)
 *(.rela.text.*)
 *(.rela.gnu.linkonce.t*)

.rel.fini
 *(.rel.fini)

.rela.fini
 *(.rela.fini)

.rel.rodata
 *(.rel.rodata)
 *(.rel.rodata.*)
 *(.rel.gnu.linkonce.r*)

.rela.rodata
 *(.rela.rodata)
 *(.rela.rodata.*)
 *(.rela.gnu.linkonce.r*)

.rel.data
 *(.rel.data)
 *(.rel.data.*)
 *(.rel.gnu.linkonce.d*)

.rela.data
 *(.rela.data)
 *(.rela.data.*)
 *(.rela.gnu.linkonce.d*)

.rel.ctors
 *(.rel.ctors)

.rela.ctors
 *(.rela.ctors)

.rel.dtors
 *(.rel.dtors)

.rela.dtors
 *(.rela.dtors)

.rel.got
 *(.rel.got)

.rela.got
 *(.rela.got)

.rel.bss
 *(.rel.bss)

.rela.bss
 *(.rela.bss)

.rel.plt
 *(.rel.plt)

.rela.plt
 *(.rela.plt)

.text           0x00000000     0x31b4
 *(.vectors)
 .vectors       0x00000000       0x54 /usr/local/CrossPack-AVR-20100115/lib/gcc/avr/4.3.3/../../../../avr/lib/avr5/crtm16.o
                0x00000000                __vectors
                0x00000000                __vector_default
 *(.vectors)
 *(.progmem.gcc*)
 *(.progmem*)
 .progmem.data  0x00000054      0x424 ./images.o
                0x00000356                ImageGauge
                0x00000054                ImageLogo
 .progmem.data  0x00000478      0x600 ./lcd_font.o
                0x00000478                Font_6x8_Data
 .progmem.data  0x00000a78       0x44 ./main.o
 .progmem.data  0x00000abc      0x145 ./menu.o
                0x00000ae4                chrBack
                0x00000b32                chrPeriod
                0x00000b8d                chrTime
                0x00000b16                chrDaysHours
                0x00000b92                chrTimeBracket
                0x00000abc                chrPumps
                0x00000b9a                chrSecBracket
                0x00000b45                chrLeft
                0x00000b4f                chrDaysLeft
                0x00000b3a                chrSetPeriod
                0x00000ba2                chrBracketRight
                0x00000b76                chrDuration
                0x00000b69                chrSetStartTime
                0x00000b80                chrSetDuration
                0x00000b97                chrSec
                0x00000b9e                chrSpace
                0x00000aea                chrOnOff
                0x00000b5f                chrStartTime
                0x00000b41                chrDaysShort
                0x00000adc                chrSetTime
                0x00000ba0                chrBracketLeft
 .progmem.data  0x00000c01        0x6 /Users/mavka/svn/nute/HandyDevices/Deluvio/diluvio_fw/libavr5g1-4qt-k-0rs.a(touch_api.o)
                0x00000c03                lib_signature_lowword
                0x00000c01                lib_version
                0x00000c05                lib_signature_highword
                0x00000c08                . = ALIGN (0x2)
 *fill*         0x00000c07        0x1 00
                0x00000c08                __trampolines_start = .
 *(.trampolines)
 .trampolines   0x00000c08        0x0 linker stubs
 *(.trampolines*)
                0x00000c08                __trampolines_end = .
 *(.jumptables)
 *(.jumptables*)
 *(.lowtext)
 *(.lowtext*)
                0x00000c08                __ctors_start = .
 *(.ctors)
                0x00000c08                __ctors_end = .
                0x00000c08                __dtors_start = .
 *(.dtors)
                0x00000c08                __dtors_end = .
 SORT(*)(.ctors)
 SORT(*)(.dtors)
 *(.init0)
 .init0         0x00000c08        0x0 /usr/local/CrossPack-AVR-20100115/lib/gcc/avr/4.3.3/../../../../avr/lib/avr5/crtm16.o
                0x00000c08                __init
 *(.init0)
 *(.init1)
 *(.init1)
 *(.init2)
 .init2         0x00000c08        0xc /usr/local/CrossPack-AVR-20100115/lib/gcc/avr/4.3.3/../../../../avr/lib/avr5/crtm16.o
 *(.init2)
 *(.init3)
 *(.init3)
 *(.init4)
 .init4         0x00000c14       0x16 /usr/local/CrossPack-AVR-20100115/lib/gcc/avr/4.3.3/avr5/libgcc.a(_copy_data.o)
                0x00000c14                __do_copy_data
 .init4         0x00000c2a       0x10 /usr/local/CrossPack-AVR-20100115/lib/gcc/avr/4.3.3/avr5/libgcc.a(_clear_bss.o)
                0x00000c2a                __do_clear_bss
 *(.init4)
 *(.init5)
 *(.init5)
 *(.init6)
 *(.init6)
 *(.init7)
 *(.init7)
 *(.init8)
 *(.init8)
 *(.init9)
 .init9         0x00000c3a        0x8 /usr/local/CrossPack-AVR-20100115/lib/gcc/avr/4.3.3/../../../../avr/lib/avr5/crtm16.o
 *(.init9)
 *(.text)
 .text          0x00000c42        0x4 /usr/local/CrossPack-AVR-20100115/lib/gcc/avr/4.3.3/../../../../avr/lib/avr5/crtm16.o
                0x00000c42                __vector_1
                0x00000c42                __vector_12
                0x00000c42                __bad_interrupt
                0x00000c42                __vector_6
                0x00000c42                __vector_3
                0x00000c42                __vector_11
                0x00000c42                __vector_13
                0x00000c42                __vector_17
                0x00000c42                __vector_19
                0x00000c42                __vector_7
                0x00000c42                __vector_5
                0x00000c42                __vector_9
                0x00000c42                __vector_2
                0x00000c42                __vector_15
                0x00000c42                __vector_8
                0x00000c42                __vector_14
                0x00000c42                __vector_10
                0x00000c42                __vector_16
                0x00000c42                __vector_18
                0x00000c42                __vector_20
 .text          0x00000c46       0xa8 ./battery.o
                0x00000c46                BatteryMeasure
                0x00000caa                BatteryGaugeValue
 .text          0x00000cee       0x78 ./beep.o
                0x00000cee                BeepInit
                0x00000d0e                BeepOff
                0x00000d18                Beep
                0x00000cf6                BeepOn
                0x00000d40                Task_Beep
 .text          0x00000d66       0x66 ./delay_util.o
                0x00000db6                DelayReset
                0x00000d68                DelayElapsed
                0x00000d66                DelayInit
                0x00000d9a                DelayBypass
 .text          0x00000dcc        0x0 ./images.o
 .text          0x00000dcc      0x494 ./lcd110x.o
                0x00001072                LCD_GotoXY
                0x0000101a                LCD_PrintString
                0x0000110a                LCD_DrawImage
                0x000011d4                LCD_Clear
                0x00000dd8                LCD_DrawChar
                0x00001098                LCD_GaugeValue
                0x00000fca                LCD_PrintInt
                0x00000f58                LCD_PrintUint
                0x00000e58                LCD_WriteCmd
                0x00001040                LCD_PrintString_P
                0x00000f24                LCD_PrintUint0_99
                0x0000121e                LCD_Init
                0x00000e2a                LCD_WriteData
                0x00000dcc                LCD_Shutdown
                0x000011c4                LCD_DrawGauge
                0x00000eb6                LCD_PrintTime
                0x00000e86                LCD_GotoXYstr
 .text          0x00001260        0x0 ./lcd_font.o
 .text          0x00001260      0x756 ./main.o
                0x00001296                PumpOffAll
                0x00001398                EVENT_NewMinute
                0x00001336                CheckBattery
                0x000014ee                Task_Pump
                0x000015f8                Task_Sleep
                0x00001300                EVENT_NewDay
                0x00001260                PumpOn
                0x00001438                EVENT_NewSecond
                0x00001722                main
                0x000013f4                CheckWater
                0x0000166c                GeneralInit
                0x000012a2                EVENT_NewHour
                0x00001472                PumpsSave
                0x00001488                PumpsLoad
 .text          0x000019b6      0x886 ./menu.o
                0x000021ae                EnterIdle
                0x00002078                EVENT_KeyMenu
                0x00002066                MainMenuSetup
                0x00001d38                PeriodMenuSetup
                0x00002134                EVENT_KeyUp
                0x000021f8                Task_Menu
                0x00001abc                SetState
                0x00001db4                OnOffMenuSetup
                0x00001a56                WordForm
                0x00001cc6                TimeLeftMenuSetup
                0x00001a38                ToggleNumberEditEnable
                0x000019da                EvtOnOff
                0x00001ac2                EVENT_AnyKey
                0x00001bda                DurationMenuSetup
                0x00001ac0                EVENT_KeyAquaDepressed
                0x00001c50                StartTimeMenuSetup
                0x00001aba                ShowChannelSummary
                0x000020ba                EVENT_KeyDown
                0x00001ae4                DrawMenu
                0x00001e36                PumpMenuSetup
                0x00001abe                EVENT_KeyAquaPressed
                0x000019b6                MainMenuExit
                0x000019be                EvtExit
 .text          0x0000223c       0x7c ./qt_asm_tiny_mega.o
                0x0000229e                _1101010110_
                0x0000223c                _1101010101_
                0x00002270                _1101010111_
 .text          0x000022b8      0x24e ./sensors.o
                0x000022b8                SensorIsTouched
                0x00002470                QTouchInit
                0x00002440                Task_Sensors
                0x000022ce                QTouchActivityDetected
                0x000022ea                SensorsMeasure
 .text          0x00002506       0xe8 ./time.o
                0x00002530                TimeGetMinuteUnits
                0x0000253e                __vector_4
                0x00002506                TimeInit
 .text          0x000025ee        0x0 ./.metadata/.plugins/org.eclipse.cdt.make.core/specs.o
 .text          0x000025ee      0x1b6 /Users/mavka/svn/nute/HandyDevices/Deluvio/diluvio_fw/libavr5g1-4qt-k-0rs.a(burst_1_1_10_0.o)
                0x000025ee                burst_1_1_10_0
 .text          0x000027a4      0x288 /Users/mavka/svn/nute/HandyDevices/Deluvio/diluvio_fw/libavr5g1-4qt-k-0rs.a(touch_api.o)
                0x0000289e                qt_measure_sensors
                0x00002996                qt_reset_sensing
                0x000029ce                qt_calibrate_sensing
                0x000027bc                qt_enable_key
                0x000029e8                qt_init_sensing_with_burst
                0x000027f0                qt_get_sensor_delta
                0x000027a4                qt_get_library_sig
 .text          0x00002a2c      0x612 /Users/mavka/svn/nute/HandyDevices/Deluvio/diluvio_fw/libavr5g1-4qt-k-0rs.a(touch_process.o)
                0x00002aae                process_sensor
                0x00002a84                get_channel_delta
                0x00002a2c                start_cal_sensor
 .text          0x0000303e       0x66 /Users/mavka/svn/nute/HandyDevices/Deluvio/diluvio_fw/libavr5g1-4qt-k-0rs.a(touch_burst_qt.o)
                0x0000306a                burst
                0x0000303e                burst_init
                0x00003048                burst_reset
 .text          0x000030a4        0x0 /usr/local/CrossPack-AVR-20100115/lib/gcc/avr/4.3.3/avr5/libgcc.a(_udivmodqi4.o)
 .text          0x000030a4        0x0 /usr/local/CrossPack-AVR-20100115/lib/gcc/avr/4.3.3/avr5/libgcc.a(_udivmodhi4.o)
 .text          0x000030a4        0x0 /usr/local/CrossPack-AVR-20100115/lib/gcc/avr/4.3.3/avr5/libgcc.a(_prologue.o)
 .text          0x000030a4        0x0 /usr/local/CrossPack-AVR-20100115/lib/gcc/avr/4.3.3/avr5/libgcc.a(_epilogue.o)
 .text          0x000030a4        0x0 /usr/local/CrossPack-AVR-20100115/lib/gcc/avr/4.3.3/avr5/libgcc.a(_exit.o)
 .text          0x000030a4        0x0 /usr/local/CrossPack-AVR-20100115/lib/gcc/avr/4.3.3/avr5/libgcc.a(_copy_data.o)
 .text          0x000030a4        0x0 /usr/local/CrossPack-AVR-20100115/lib/gcc/avr/4.3.3/avr5/libgcc.a(_clear_bss.o)
 .text          0x000030a4        0x0 /usr/local/CrossPack-AVR-20100115/lib/gcc/avr/4.3.3/../../../../avr/lib/avr5/libc.a(eerd_block_atmega16.o)
 .text          0x000030a4        0x0 /usr/local/CrossPack-AVR-20100115/lib/gcc/avr/4.3.3/../../../../avr/lib/avr5/libc.a(eerd_byte_atmega16.o)
 .text          0x000030a4        0x0 /usr/local/CrossPack-AVR-20100115/lib/gcc/avr/4.3.3/../../../../avr/lib/avr5/libc.a(eewr_block_atmega16.o)
 .text          0x000030a4        0x0 /usr/local/CrossPack-AVR-20100115/lib/gcc/avr/4.3.3/../../../../avr/lib/avr5/libc.a(eewr_byte_atmega16.o)
                0x000030a4                . = ALIGN (0x2)
 *(.text.*)
 .text.libgcc   0x000030a4       0x18 /usr/local/CrossPack-AVR-20100115/lib/gcc/avr/4.3.3/avr5/libgcc.a(_udivmodqi4.o)
                0x000030a4                __udivmodqi4
 .text.libgcc   0x000030bc       0x28 /usr/local/CrossPack-AVR-20100115/lib/gcc/avr/4.3.3/avr5/libgcc.a(_udivmodhi4.o)
                0x000030bc                __udivmodhi4
 .text.libgcc   0x000030e4       0x38 /usr/local/CrossPack-AVR-20100115/lib/gcc/avr/4.3.3/avr5/libgcc.a(_prologue.o)
                0x000030e4                __prologue_saves__
 .text.libgcc   0x0000311c       0x36 /usr/local/CrossPack-AVR-20100115/lib/gcc/avr/4.3.3/avr5/libgcc.a(_epilogue.o)
                0x0000311c                __epilogue_restores__
 .text.libgcc   0x00003152        0x0 /usr/local/CrossPack-AVR-20100115/lib/gcc/avr/4.3.3/avr5/libgcc.a(_exit.o)
 .text.libgcc   0x00003152        0x0 /usr/local/CrossPack-AVR-20100115/lib/gcc/avr/4.3.3/avr5/libgcc.a(_copy_data.o)
 .text.libgcc   0x00003152        0x0 /usr/local/CrossPack-AVR-20100115/lib/gcc/avr/4.3.3/avr5/libgcc.a(_clear_bss.o)
 .text.avr-libc
                0x00003152       0x20 /usr/local/CrossPack-AVR-20100115/lib/gcc/avr/4.3.3/../../../../avr/lib/avr5/libc.a(eerd_block_atmega16.o)
                0x00003152                __eerd_block_m16
                0x00003156                __eerd_blraw_m16
 .text.avr-libc
                0x00003172       0x10 /usr/local/CrossPack-AVR-20100115/lib/gcc/avr/4.3.3/../../../../avr/lib/avr5/libc.a(eerd_byte_atmega16.o)
                0x00003172                __eerd_byte_m16
 .text.avr-libc
                0x00003182       0x14 /usr/local/CrossPack-AVR-20100115/lib/gcc/avr/4.3.3/../../../../avr/lib/avr5/libc.a(eewr_block_atmega16.o)
                0x00003182                __eewr_block_m16
 .text.avr-libc
                0x00003196       0x1a /usr/local/CrossPack-AVR-20100115/lib/gcc/avr/4.3.3/../../../../avr/lib/avr5/libc.a(eewr_byte_atmega16.o)
                0x00003198                __eewr_r18_m16
                0x00003196                __eewr_byte_m16
                0x000031b0                . = ALIGN (0x2)
 *(.fini9)
 .fini9         0x000031b0        0x0 /usr/local/CrossPack-AVR-20100115/lib/gcc/avr/4.3.3/avr5/libgcc.a(_exit.o)
                0x000031b0                exit
                0x000031b0                _exit
 *(.fini9)
 *(.fini8)
 *(.fini8)
 *(.fini7)
 *(.fini7)
 *(.fini6)
 *(.fini6)
 *(.fini5)
 *(.fini5)
 *(.fini4)
 *(.fini4)
 *(.fini3)
 *(.fini3)
 *(.fini2)
 *(.fini2)
 *(.fini1)
 *(.fini1)
 *(.fini0)
 .fini0         0x000031b0        0x4 /usr/local/CrossPack-AVR-20100115/lib/gcc/avr/4.3.3/avr5/libgcc.a(_exit.o)
 *(.fini0)
                0x000031b4                _etext = .

.data           0x00800060      0x200 load address 0x000031b4
                0x00800060                PROVIDE (__data_start, .)
 *(.data)
 .data          0x00800060        0x0 /usr/local/CrossPack-AVR-20100115/lib/gcc/avr/4.3.3/../../../../avr/lib/avr5/crtm16.o
 .data          0x00800060        0x0 ./battery.o
 .data          0x00800060        0x0 ./beep.o
 .data          0x00800060        0x0 ./delay_util.o
 .data          0x00800060        0x0 ./images.o
 .data          0x00800060       0x12 ./lcd110x.o
 .data          0x00800072        0x0 ./lcd_font.o
 .data          0x00800072        0x1 ./main.o
                0x00800072                WaterOk
 .data          0x00800073      0x1eb ./menu.o
                0x008001f4                StartTimeMenu
                0x00800073                MainMenu
                0x0080016c                PeriodMenu
                0x00800137                OnOffMenu
                0x008000d5                PumpMenu
                0x00800229                DurationMenu
                0x008001bf                TimeLeftMenu
 .data          0x0080025e        0x0 ./qt_asm_tiny_mega.o
 .data          0x0080025e        0x0 ./sensors.o
 .data          0x0080025e        0x0 ./time.o
 .data          0x0080025e        0x0 ./.metadata/.plugins/org.eclipse.cdt.make.core/specs.o
 .data          0x0080025e        0x0 /Users/mavka/svn/nute/HandyDevices/Deluvio/diluvio_fw/libavr5g1-4qt-k-0rs.a(burst_1_1_10_0.o)
 .data          0x0080025e        0x1 /Users/mavka/svn/nute/HandyDevices/Deluvio/diluvio_fw/libavr5g1-4qt-k-0rs.a(touch_api.o)
                0x0080025e                freq_shift
 .data          0x0080025f        0x0 /Users/mavka/svn/nute/HandyDevices/Deluvio/diluvio_fw/libavr5g1-4qt-k-0rs.a(touch_process.o)
 .data          0x0080025f        0x0 /Users/mavka/svn/nute/HandyDevices/Deluvio/diluvio_fw/libavr5g1-4qt-k-0rs.a(touch_burst_qt.o)
 .data          0x0080025f        0x0 /usr/local/CrossPack-AVR-20100115/lib/gcc/avr/4.3.3/avr5/libgcc.a(_udivmodqi4.o)
 .data          0x0080025f        0x0 /usr/local/CrossPack-AVR-20100115/lib/gcc/avr/4.3.3/avr5/libgcc.a(_udivmodhi4.o)
 .data          0x0080025f        0x0 /usr/local/CrossPack-AVR-20100115/lib/gcc/avr/4.3.3/avr5/libgcc.a(_prologue.o)
 .data          0x0080025f        0x0 /usr/local/CrossPack-AVR-20100115/lib/gcc/avr/4.3.3/avr5/libgcc.a(_epilogue.o)
 .data          0x0080025f        0x0 /usr/local/CrossPack-AVR-20100115/lib/gcc/avr/4.3.3/avr5/libgcc.a(_exit.o)
 .data          0x0080025f        0x0 /usr/local/CrossPack-AVR-20100115/lib/gcc/avr/4.3.3/avr5/libgcc.a(_copy_data.o)
 .data          0x0080025f        0x0 /usr/local/CrossPack-AVR-20100115/lib/gcc/avr/4.3.3/avr5/libgcc.a(_clear_bss.o)
 .data          0x0080025f        0x0 /usr/local/CrossPack-AVR-20100115/lib/gcc/avr/4.3.3/../../../../avr/lib/avr5/libc.a(eerd_block_atmega16.o)
 .data          0x0080025f        0x0 /usr/local/CrossPack-AVR-20100115/lib/gcc/avr/4.3.3/../../../../avr/lib/avr5/libc.a(eerd_byte_atmega16.o)
 .data          0x0080025f        0x0 /usr/local/CrossPack-AVR-20100115/lib/gcc/avr/4.3.3/../../../../avr/lib/avr5/libc.a(eewr_block_atmega16.o)
 .data          0x0080025f        0x0 /usr/local/CrossPack-AVR-20100115/lib/gcc/avr/4.3.3/../../../../avr/lib/avr5/libc.a(eewr_byte_atmega16.o)
 *(.data*)
 *(.rodata)
 *(.rodata*)
 *(.gnu.linkonce.d*)
                0x00800260                . = ALIGN (0x2)
 *fill*         0x0080025f        0x1 00
                0x00800260                _edata = .
                0x00800260                PROVIDE (__data_end, .)

.bss            0x00800260       0x96
                0x00800260                PROVIDE (__bss_start, .)
 *(.bss)
 .bss           0x00800260        0x0 /usr/local/CrossPack-AVR-20100115/lib/gcc/avr/4.3.3/../../../../avr/lib/avr5/crtm16.o
 .bss           0x00800260        0x0 ./battery.o
 .bss           0x00800260        0x0 ./beep.o
 .bss           0x00800260        0x0 ./delay_util.o
 .bss           0x00800260        0x0 ./images.o
 .bss           0x00800260        0x0 ./lcd110x.o
 .bss           0x00800260        0x0 ./lcd_font.o
 .bss           0x00800260        0x2 ./main.o
                0x00800260                BatteryOk
 .bss           0x00800262        0x1 ./menu.o
                0x00800262                EditEnabled
 .bss           0x00800263        0x0 ./qt_asm_tiny_mega.o
 .bss           0x00800263        0x2 ./sensors.o
                0x00800263                current_time_ms_touch
 .bss           0x00800265        0x0 ./time.o
 .bss           0x00800265        0x0 ./.metadata/.plugins/org.eclipse.cdt.make.core/specs.o
 .bss           0x00800265        0x2 /Users/mavka/svn/nute/HandyDevices/Deluvio/diluvio_fw/libavr5g1-4qt-k-0rs.a(burst_1_1_10_0.o)
 .bss           0x00800267       0x22 /Users/mavka/svn/nute/HandyDevices/Deluvio/diluvio_fw/libavr5g1-4qt-k-0rs.a(touch_api.o)
                0x00800269                qt_config_data
                0x00800283                qt_filter_callback
                0x00800270                qt_measure_data
                0x00800267                burst_proc
                0x00800281                lib_status_flags
 .bss           0x00800289       0x1e /Users/mavka/svn/nute/HandyDevices/Deluvio/diluvio_fw/libavr5g1-4qt-k-0rs.a(touch_process.o)
                0x008002a2                dht_counter
                0x008002a1                num_sensors
                0x00800289                sensors
 .bss           0x008002a7        0x8 /Users/mavka/svn/nute/HandyDevices/Deluvio/diluvio_fw/libavr5g1-4qt-k-0rs.a(touch_burst_qt.o)
                0x008002ab                SNSK_array
                0x008002a7                SNS_array
 .bss           0x008002af        0x0 /usr/local/CrossPack-AVR-20100115/lib/gcc/avr/4.3.3/avr5/libgcc.a(_udivmodqi4.o)
 .bss           0x008002af        0x0 /usr/local/CrossPack-AVR-20100115/lib/gcc/avr/4.3.3/avr5/libgcc.a(_udivmodhi4.o)
 .bss           0x008002af        0x0 /usr/local/CrossPack-AVR-20100115/lib/gcc/avr/4.3.3/avr5/libgcc.a(_prologue.o)
 .bss           0x008002af        0x0 /usr/local/CrossPack-AVR-20100115/lib/gcc/avr/4.3.3/avr5/libgcc.a(_epilogue.o)
 .bss           0x008002af        0x0 /usr/local/CrossPack-AVR-20100115/lib/gcc/avr/4.3.3/avr5/libgcc.a(_exit.o)
 .bss           0x008002af        0x0 /usr/local/CrossPack-AVR-20100115/lib/gcc/avr/4.3.3/avr5/libgcc.a(_copy_data.o)
 .bss           0x008002af        0x0 /usr/local/CrossPack-AVR-20100115/lib/gcc/avr/4.3.3/avr5/libgcc.a(_clear_bss.o)
 .bss           0x008002af        0x0 /usr/local/CrossPack-AVR-20100115/lib/gcc/avr/4.3.3/../../../../avr/lib/avr5/libc.a(eerd_block_atmega16.o)
 .bss           0x008002af        0x0 /usr/local/CrossPack-AVR-20100115/lib/gcc/avr/4.3.3/../../../../avr/lib/avr5/libc.a(eerd_byte_atmega16.o)
 .bss           0x008002af        0x0 /usr/local/CrossPack-AVR-20100115/lib/gcc/avr/4.3.3/../../../../avr/lib/avr5/libc.a(eewr_block_atmega16.o)
 .bss           0x008002af        0x0 /usr/local/CrossPack-AVR-20100115/lib/gcc/avr/4.3.3/../../../../avr/lib/avr5/libc.a(eewr_byte_atmega16.o)
 *(.bss*)
 *(COMMON)
 COMMON         0x008002af        0x2 ./battery.o
                0x008002af                BatteryADCValue
 COMMON         0x008002b1        0x5 ./beep.o
                0x008002b1                EBeep
 COMMON         0x008002b6        0x2 ./delay_util.o
                0x008002b6                TickCounter
 COMMON         0x008002b8       0x2b ./main.o
                0x008002b8                MustSleep
                0x008002b9                Pumps
                0x008002e1                IsPumping
                0x008002e2                PumpsSettingsChanged
 COMMON         0x008002e3        0x8 ./menu.o
                0x008002e3                CurrentPump
                0x008002e4                EState
                0x008002e5                EMenu
                0x008002e8                NeedToExit
                0x008002e9                CurrentMenu
 COMMON         0x008002eb        0x7 ./sensors.o
                0x008002eb                EKeys
 COMMON         0x008002f2        0x4 ./time.o
                0x008002f2                Time
                0x008002f6                PROVIDE (__bss_end, .)
                0x000031b4                __data_load_start = LOADADDR (.data)
                0x000033b4                __data_load_end = (__data_load_start + SIZEOF (.data))

.noinit         0x008002f6        0x0
                0x008002f6                PROVIDE (__noinit_start, .)
 *(.noinit*)
                0x008002f6                PROVIDE (__noinit_end, .)
                0x008002f6                _end = .
                0x008002f6                PROVIDE (__heap_start, .)

.eeprom         0x00810000        0x0
 *(.eeprom*)
                0x00810000                __eeprom_end = .

.fuse
 *(.fuse)
 *(.lfuse)
 *(.hfuse)
 *(.efuse)

.lock
 *(.lock*)

.signature
 *(.signature*)

.stab           0x00000000     0x55a4
 *(.stab)
 .stab          0x00000000      0x6b4 /usr/local/CrossPack-AVR-20100115/lib/gcc/avr/4.3.3/../../../../avr/lib/avr5/crtm16.o
 .stab          0x000006b4      0x4a4 ./battery.o
                                0x4b0 (size before relaxing)
 .stab          0x00000b58      0x30c ./beep.o
                                0x4bc (size before relaxing)
 .stab          0x00000e64      0x360 ./delay_util.o
                                0x51c (size before relaxing)
 .stab          0x000011c4      0x1e0 ./images.o
                                0x390 (size before relaxing)
 .stab          0x000013a4     0x12c0 ./lcd110x.o
                               0x1524 (size before relaxing)
 .stab          0x00002664      0x144 ./lcd_font.o
                                0x39c (size before relaxing)
 .stab          0x000027a8     0x1194 ./main.o
                               0x13ec (size before relaxing)
 .stab          0x0000393c      0xe88 ./menu.o
                               0x1188 (size before relaxing)
 .stab          0x000047c4      0x6f0 ./sensors.o
                                0x978 (size before relaxing)
 .stab          0x00004eb4      0x30c ./time.o
                                0x5ac (size before relaxing)
 .stab          0x000051c0       0xd8 ./.metadata/.plugins/org.eclipse.cdt.make.core/specs.o
                                 0xe4 (size before relaxing)
 .stab          0x00005298      0x108 /usr/local/CrossPack-AVR-20100115/lib/gcc/avr/4.3.3/../../../../avr/lib/avr5/libc.a(eerd_block_atmega16.o)
                                0x114 (size before relaxing)
 .stab          0x000053a0       0x90 /usr/local/CrossPack-AVR-20100115/lib/gcc/avr/4.3.3/../../../../avr/lib/avr5/libc.a(eerd_byte_atmega16.o)
                                 0x9c (size before relaxing)
 .stab          0x00005430       0x9c /usr/local/CrossPack-AVR-20100115/lib/gcc/avr/4.3.3/../../../../avr/lib/avr5/libc.a(eewr_block_atmega16.o)
                                 0xa8 (size before relaxing)
 .stab          0x000054cc       0xd8 /usr/local/CrossPack-AVR-20100115/lib/gcc/avr/4.3.3/../../../../avr/lib/avr5/libc.a(eewr_byte_atmega16.o)
                                 0xe4 (size before relaxing)

.stabstr        0x00000000     0x2f50
 *(.stabstr)
 .stabstr       0x00000000     0x2f50 /usr/local/CrossPack-AVR-20100115/lib/gcc/avr/4.3.3/../../../../avr/lib/avr5/crtm16.o

.stab.excl
 *(.stab.excl)

.stab.exclstr
 *(.stab.exclstr)

.stab.index
 *(.stab.index)

.stab.indexstr
 *(.stab.indexstr)

.comment
 *(.comment)

.debug
 *(.debug)

.line
 *(.line)

.debug_srcinfo
 *(.debug_srcinfo)

.debug_sfnames
 *(.debug_sfnames)

.debug_aranges
 *(.debug_aranges)

.debug_pubnames
 *(.debug_pubnames)

.debug_info
 *(.debug_info)
 *(.gnu.linkonce.wi.*)

.debug_abbrev
 *(.debug_abbrev)

.debug_line
 *(.debug_line)

.debug_frame
 *(.debug_frame)

.debug_str
 *(.debug_str)

.debug_loc
 *(.debug_loc)

.debug_macinfo
 *(.debug_macinfo)
OUTPUT(diluvio_fw.elf elf32-avr)
LOAD linker stubs
