   1              		.syntax unified
   2              		.cpu cortex-m3
   3              		.fpu softvfp
   4              		.eabi_attribute 20, 1
   5              		.eabi_attribute 21, 1
   6              		.eabi_attribute 23, 3
   7              		.eabi_attribute 24, 1
   8              		.eabi_attribute 25, 1
   9              		.eabi_attribute 26, 1
  10              		.eabi_attribute 30, 4
  11              		.eabi_attribute 18, 4
  12              		.thumb
  13              		.file	"stm32f10x_adc.c"
  14              		.section	.text.ADC_DeInit,"ax",%progbits
  15              		.align	1
  16              		.global	ADC_DeInit
  17              		.thumb
  18              		.thumb_func
  20              	ADC_DeInit:
  21              		@ args = 0, pretend = 0, frame = 0
  22              		@ frame_needed = 0, uses_anonymous_args = 0
  23 0000 08B5     		push	{r3, lr}
  24 0002 134B     		ldr	r3, .L6
  25 0004 9842     		cmp	r0, r3
  26 0006 07D1     		bne	.L2
  27 0008 4FF40070 		mov	r0, #512
  28 000c 0121     		movs	r1, #1
  29 000e FFF7FEFF 		bl	RCC_APB2PeriphResetCmd
  30 0012 4FF40070 		mov	r0, #512
  31 0016 14E0     		b	.L5
  32              	.L2:
  33 0018 0E4B     		ldr	r3, .L6+4
  34 001a 9842     		cmp	r0, r3
  35 001c 07D1     		bne	.L3
  36 001e 4FF48060 		mov	r0, #1024
  37 0022 0121     		movs	r1, #1
  38 0024 FFF7FEFF 		bl	RCC_APB2PeriphResetCmd
  39 0028 4FF48060 		mov	r0, #1024
  40 002c 09E0     		b	.L5
  41              	.L3:
  42 002e 0A4B     		ldr	r3, .L6+8
  43 0030 9842     		cmp	r0, r3
  44 0032 0BD1     		bne	.L1
  45 0034 4FF40040 		mov	r0, #32768
  46 0038 0121     		movs	r1, #1
  47 003a FFF7FEFF 		bl	RCC_APB2PeriphResetCmd
  48 003e 4FF40040 		mov	r0, #32768
  49              	.L5:
  50 0042 0021     		movs	r1, #0
  51 0044 BDE80840 		pop	{r3, lr}
  52 0048 FFF7FEBF 		b	RCC_APB2PeriphResetCmd
  53              	.L1:
  54 004c 08BD     		pop	{r3, pc}
  55              	.L7:
  56 004e 00BF     		.align	2
  57              	.L6:
  58 0050 00240140 		.word	1073816576
  59 0054 00280140 		.word	1073817600
  60 0058 003C0140 		.word	1073822720
  62              		.section	.text.ADC_Init,"ax",%progbits
  63              		.align	1
  64              		.global	ADC_Init
  65              		.thumb
  66              		.thumb_func
  68              	ADC_Init:
  69              		@ args = 0, pretend = 0, frame = 0
  70              		@ frame_needed = 0, uses_anonymous_args = 0
  71 0000 4368     		ldr	r3, [r0, #4]
  72 0002 0A68     		ldr	r2, [r1, #0]
  73 0004 23F47023 		bic	r3, r3, #983040
  74 0008 23F48073 		bic	r3, r3, #256
  75 000c 1343     		orrs	r3, r3, r2
  76 000e 0A79     		ldrb	r2, [r1, #4]	@ zero_extendqisi2
  77 0010 10B5     		push	{r4, lr}
  78 0012 43EA0223 		orr	r3, r3, r2, lsl #8
  79 0016 4360     		str	r3, [r0, #4]
  80 0018 8A68     		ldr	r2, [r1, #8]
  81 001a CB68     		ldr	r3, [r1, #12]
  82 001c 8468     		ldr	r4, [r0, #8]
  83 001e 1A43     		orrs	r2, r2, r3
  84 0020 084B     		ldr	r3, .L9
  85 0022 2340     		ands	r3, r3, r4
  86 0024 1343     		orrs	r3, r3, r2
  87 0026 4A79     		ldrb	r2, [r1, #5]	@ zero_extendqisi2
  88 0028 43EA4203 		orr	r3, r3, r2, lsl #1
  89 002c 8360     		str	r3, [r0, #8]
  90 002e 0B7C     		ldrb	r3, [r1, #16]	@ zero_extendqisi2
  91 0030 C26A     		ldr	r2, [r0, #44]
  92 0032 013B     		subs	r3, r3, #1
  93 0034 22F47002 		bic	r2, r2, #15728640
  94 0038 DBB2     		uxtb	r3, r3
  95 003a 42EA0353 		orr	r3, r2, r3, lsl #20
  96 003e C362     		str	r3, [r0, #44]
  97 0040 10BD     		pop	{r4, pc}
  98              	.L10:
  99 0042 00BF     		.align	2
 100              	.L9:
 101 0044 FDF7F1FF 		.word	-919555
 103              		.section	.text.ADC_StructInit,"ax",%progbits
 104              		.align	1
 105              		.global	ADC_StructInit
 106              		.thumb
 107              		.thumb_func
 109              	ADC_StructInit:
 110              		@ args = 0, pretend = 0, frame = 0
 111              		@ frame_needed = 0, uses_anonymous_args = 0
 112              		@ link register save eliminated.
 113 0000 0023     		movs	r3, #0
 114 0002 0360     		str	r3, [r0, #0]
 115 0004 0371     		strb	r3, [r0, #4]
 116 0006 4371     		strb	r3, [r0, #5]
 117 0008 8360     		str	r3, [r0, #8]
 118 000a C360     		str	r3, [r0, #12]
 119 000c 0123     		movs	r3, #1
 120 000e 0374     		strb	r3, [r0, #16]
 121 0010 7047     		bx	lr
 123              		.section	.text.ADC_Cmd,"ax",%progbits
 124              		.align	1
 125              		.global	ADC_Cmd
 126              		.thumb
 127              		.thumb_func
 129              	ADC_Cmd:
 130              		@ args = 0, pretend = 0, frame = 0
 131              		@ frame_needed = 0, uses_anonymous_args = 0
 132              		@ link register save eliminated.
 133 0000 8368     		ldr	r3, [r0, #8]
 134 0002 11B1     		cbz	r1, .L13
 135 0004 43F00103 		orr	r3, r3, #1
 136 0008 01E0     		b	.L15
 137              	.L13:
 138 000a 23F00103 		bic	r3, r3, #1
 139              	.L15:
 140 000e 8360     		str	r3, [r0, #8]
 141 0010 7047     		bx	lr
 143              		.section	.text.ADC_DMACmd,"ax",%progbits
 144              		.align	1
 145              		.global	ADC_DMACmd
 146              		.thumb
 147              		.thumb_func
 149              	ADC_DMACmd:
 150              		@ args = 0, pretend = 0, frame = 0
 151              		@ frame_needed = 0, uses_anonymous_args = 0
 152              		@ link register save eliminated.
 153 0000 8368     		ldr	r3, [r0, #8]
 154 0002 11B1     		cbz	r1, .L17
 155 0004 43F48073 		orr	r3, r3, #256
 156 0008 01E0     		b	.L19
 157              	.L17:
 158 000a 23F48073 		bic	r3, r3, #256
 159              	.L19:
 160 000e 8360     		str	r3, [r0, #8]
 161 0010 7047     		bx	lr
 163              		.section	.text.ADC_ITConfig,"ax",%progbits
 164              		.align	1
 165              		.global	ADC_ITConfig
 166              		.thumb
 167              		.thumb_func
 169              	ADC_ITConfig:
 170              		@ args = 0, pretend = 0, frame = 0
 171              		@ frame_needed = 0, uses_anonymous_args = 0
 172              		@ link register save eliminated.
 173 0000 C9B2     		uxtb	r1, r1
 174 0002 4368     		ldr	r3, [r0, #4]
 175 0004 0AB1     		cbz	r2, .L21
 176 0006 1943     		orrs	r1, r1, r3
 177 0008 01E0     		b	.L23
 178              	.L21:
 179 000a 23EA0101 		bic	r1, r3, r1
 180              	.L23:
 181 000e 4160     		str	r1, [r0, #4]
 182 0010 7047     		bx	lr
 184              		.section	.text.ADC_ResetCalibration,"ax",%progbits
 185              		.align	1
 186              		.global	ADC_ResetCalibration
 187              		.thumb
 188              		.thumb_func
 190              	ADC_ResetCalibration:
 191              		@ args = 0, pretend = 0, frame = 0
 192              		@ frame_needed = 0, uses_anonymous_args = 0
 193              		@ link register save eliminated.
 194 0000 8368     		ldr	r3, [r0, #8]
 195 0002 43F00803 		orr	r3, r3, #8
 196 0006 8360     		str	r3, [r0, #8]
 197 0008 7047     		bx	lr
 199              		.section	.text.ADC_GetResetCalibrationStatus,"ax",%progbits
 200              		.align	1
 201              		.global	ADC_GetResetCalibrationStatus
 202              		.thumb
 203              		.thumb_func
 205              	ADC_GetResetCalibrationStatus:
 206              		@ args = 0, pretend = 0, frame = 0
 207              		@ frame_needed = 0, uses_anonymous_args = 0
 208              		@ link register save eliminated.
 209 0000 8068     		ldr	r0, [r0, #8]
 210 0002 C0F3C000 		ubfx	r0, r0, #3, #1
 211 0006 7047     		bx	lr
 213              		.section	.text.ADC_StartCalibration,"ax",%progbits
 214              		.align	1
 215              		.global	ADC_StartCalibration
 216              		.thumb
 217              		.thumb_func
 219              	ADC_StartCalibration:
 220              		@ args = 0, pretend = 0, frame = 0
 221              		@ frame_needed = 0, uses_anonymous_args = 0
 222              		@ link register save eliminated.
 223 0000 8368     		ldr	r3, [r0, #8]
 224 0002 43F00403 		orr	r3, r3, #4
 225 0006 8360     		str	r3, [r0, #8]
 226 0008 7047     		bx	lr
 228              		.section	.text.ADC_GetCalibrationStatus,"ax",%progbits
 229              		.align	1
 230              		.global	ADC_GetCalibrationStatus
 231              		.thumb
 232              		.thumb_func
 234              	ADC_GetCalibrationStatus:
 235              		@ args = 0, pretend = 0, frame = 0
 236              		@ frame_needed = 0, uses_anonymous_args = 0
 237              		@ link register save eliminated.
 238 0000 8068     		ldr	r0, [r0, #8]
 239 0002 C0F38000 		ubfx	r0, r0, #2, #1
 240 0006 7047     		bx	lr
 242              		.section	.text.ADC_SoftwareStartConvCmd,"ax",%progbits
 243              		.align	1
 244              		.global	ADC_SoftwareStartConvCmd
 245              		.thumb
 246              		.thumb_func
 248              	ADC_SoftwareStartConvCmd:
 249              		@ args = 0, pretend = 0, frame = 0
 250              		@ frame_needed = 0, uses_anonymous_args = 0
 251              		@ link register save eliminated.
 252 0000 8368     		ldr	r3, [r0, #8]
 253 0002 11B1     		cbz	r1, .L29
 254 0004 43F4A003 		orr	r3, r3, #5242880
 255 0008 01E0     		b	.L31
 256              	.L29:
 257 000a 23F4A003 		bic	r3, r3, #5242880
 258              	.L31:
 259 000e 8360     		str	r3, [r0, #8]
 260 0010 7047     		bx	lr
 262              		.section	.text.ADC_GetSoftwareStartConvStatus,"ax",%progbits
 263              		.align	1
 264              		.global	ADC_GetSoftwareStartConvStatus
 265              		.thumb
 266              		.thumb_func
 268              	ADC_GetSoftwareStartConvStatus:
 269              		@ args = 0, pretend = 0, frame = 0
 270              		@ frame_needed = 0, uses_anonymous_args = 0
 271              		@ link register save eliminated.
 272 0000 8068     		ldr	r0, [r0, #8]
 273 0002 C0F38050 		ubfx	r0, r0, #22, #1
 274 0006 7047     		bx	lr
 276              		.section	.text.ADC_DiscModeChannelCountConfig,"ax",%progbits
 277              		.align	1
 278              		.global	ADC_DiscModeChannelCountConfig
 279              		.thumb
 280              		.thumb_func
 282              	ADC_DiscModeChannelCountConfig:
 283              		@ args = 0, pretend = 0, frame = 0
 284              		@ frame_needed = 0, uses_anonymous_args = 0
 285              		@ link register save eliminated.
 286 0000 4368     		ldr	r3, [r0, #4]
 287 0002 0139     		subs	r1, r1, #1
 288 0004 23F46043 		bic	r3, r3, #57344
 289 0008 43EA4131 		orr	r1, r3, r1, lsl #13
 290 000c 4160     		str	r1, [r0, #4]
 291 000e 7047     		bx	lr
 293              		.section	.text.ADC_DiscModeCmd,"ax",%progbits
 294              		.align	1
 295              		.global	ADC_DiscModeCmd
 296              		.thumb
 297              		.thumb_func
 299              	ADC_DiscModeCmd:
 300              		@ args = 0, pretend = 0, frame = 0
 301              		@ frame_needed = 0, uses_anonymous_args = 0
 302              		@ link register save eliminated.
 303 0000 4368     		ldr	r3, [r0, #4]
 304 0002 11B1     		cbz	r1, .L35
 305 0004 43F40063 		orr	r3, r3, #2048
 306 0008 01E0     		b	.L37
 307              	.L35:
 308 000a 23F40063 		bic	r3, r3, #2048
 309              	.L37:
 310 000e 4360     		str	r3, [r0, #4]
 311 0010 7047     		bx	lr
 313              		.section	.text.ADC_RegularChannelConfig,"ax",%progbits
 314              		.align	1
 315              		.global	ADC_RegularChannelConfig
 316              		.thumb
 317              		.thumb_func
 319              	ADC_RegularChannelConfig:
 320              		@ args = 0, pretend = 0, frame = 0
 321              		@ frame_needed = 0, uses_anonymous_args = 0
 322 0000 0929     		cmp	r1, #9
 323 0002 70B5     		push	{r4, r5, r6, lr}
 324 0004 4FF00304 		mov	r4, #3
 325 0008 0BD9     		bls	.L39
 326 000a 4C43     		muls	r4, r1, r4
 327 000c 0725     		movs	r5, #7
 328 000e 1E3C     		subs	r4, r4, #30
 329 0010 A540     		lsls	r5, r5, r4
 330 0012 A340     		lsls	r3, r3, r4
 331 0014 C668     		ldr	r6, [r0, #12]
 332 0016 26EA0505 		bic	r5, r6, r5
 333 001a 45EA0304 		orr	r4, r5, r3
 334 001e C460     		str	r4, [r0, #12]
 335 0020 0AE0     		b	.L40
 336              	.L39:
 337 0022 4C43     		muls	r4, r1, r4
 338 0024 0725     		movs	r5, #7
 339 0026 A540     		lsls	r5, r5, r4
 340 0028 13FA04F4 		lsls	r4, r3, r4
 341 002c 0669     		ldr	r6, [r0, #16]
 342 002e 26EA0505 		bic	r5, r6, r5
 343 0032 45EA0403 		orr	r3, r5, r4
 344 0036 0361     		str	r3, [r0, #16]
 345              	.L40:
 346 0038 062A     		cmp	r2, #6
 347 003a 4FF00503 		mov	r3, #5
 348 003e 0BD8     		bhi	.L41
 349 0040 013A     		subs	r2, r2, #1
 350 0042 5343     		muls	r3, r2, r3
 351 0044 1F22     		movs	r2, #31
 352 0046 9A40     		lsls	r2, r2, r3
 353 0048 11FA03F3 		lsls	r3, r1, r3
 354 004c 446B     		ldr	r4, [r0, #52]
 355 004e 24EA0202 		bic	r2, r4, r2
 356 0052 1343     		orrs	r3, r3, r2
 357 0054 4363     		str	r3, [r0, #52]
 358 0056 70BD     		pop	{r4, r5, r6, pc}
 359              	.L41:
 360 0058 0C2A     		cmp	r2, #12
 361 005a 0BD8     		bhi	.L43
 362 005c 5343     		muls	r3, r2, r3
 363 005e 1F22     		movs	r2, #31
 364 0060 233B     		subs	r3, r3, #35
 365 0062 9A40     		lsls	r2, r2, r3
 366 0064 9940     		lsls	r1, r1, r3
 367 0066 046B     		ldr	r4, [r0, #48]
 368 0068 24EA0202 		bic	r2, r4, r2
 369 006c 42EA0103 		orr	r3, r2, r1
 370 0070 0363     		str	r3, [r0, #48]
 371 0072 70BD     		pop	{r4, r5, r6, pc}
 372              	.L43:
 373 0074 5343     		muls	r3, r2, r3
 374 0076 1F22     		movs	r2, #31
 375 0078 413B     		subs	r3, r3, #65
 376 007a 9A40     		lsls	r2, r2, r3
 377 007c 9940     		lsls	r1, r1, r3
 378 007e C46A     		ldr	r4, [r0, #44]
 379 0080 24EA0202 		bic	r2, r4, r2
 380 0084 42EA0103 		orr	r3, r2, r1
 381 0088 C362     		str	r3, [r0, #44]
 382 008a 70BD     		pop	{r4, r5, r6, pc}
 384              		.section	.text.ADC_ExternalTrigConvCmd,"ax",%progbits
 385              		.align	1
 386              		.global	ADC_ExternalTrigConvCmd
 387              		.thumb
 388              		.thumb_func
 390              	ADC_ExternalTrigConvCmd:
 391              		@ args = 0, pretend = 0, frame = 0
 392              		@ frame_needed = 0, uses_anonymous_args = 0
 393              		@ link register save eliminated.
 394 0000 8368     		ldr	r3, [r0, #8]
 395 0002 11B1     		cbz	r1, .L45
 396 0004 43F48013 		orr	r3, r3, #1048576
 397 0008 01E0     		b	.L47
 398              	.L45:
 399 000a 23F48013 		bic	r3, r3, #1048576
 400              	.L47:
 401 000e 8360     		str	r3, [r0, #8]
 402 0010 7047     		bx	lr
 404              		.section	.text.ADC_GetConversionValue,"ax",%progbits
 405              		.align	1
 406              		.global	ADC_GetConversionValue
 407              		.thumb
 408              		.thumb_func
 410              	ADC_GetConversionValue:
 411              		@ args = 0, pretend = 0, frame = 0
 412              		@ frame_needed = 0, uses_anonymous_args = 0
 413              		@ link register save eliminated.
 414 0000 C06C     		ldr	r0, [r0, #76]
 415 0002 80B2     		uxth	r0, r0
 416 0004 7047     		bx	lr
 418              		.section	.text.ADC_GetDualModeConversionValue,"ax",%progbits
 419              		.align	1
 420              		.global	ADC_GetDualModeConversionValue
 421              		.thumb
 422              		.thumb_func
 424              	ADC_GetDualModeConversionValue:
 425              		@ args = 0, pretend = 0, frame = 0
 426              		@ frame_needed = 0, uses_anonymous_args = 0
 427              		@ link register save eliminated.
 428 0000 014B     		ldr	r3, .L50
 429 0002 1868     		ldr	r0, [r3, #0]
 430 0004 7047     		bx	lr
 431              	.L51:
 432 0006 00BF     		.align	2
 433              	.L50:
 434 0008 4C240140 		.word	1073816652
 436              		.section	.text.ADC_AutoInjectedConvCmd,"ax",%progbits
 437              		.align	1
 438              		.global	ADC_AutoInjectedConvCmd
 439              		.thumb
 440              		.thumb_func
 442              	ADC_AutoInjectedConvCmd:
 443              		@ args = 0, pretend = 0, frame = 0
 444              		@ frame_needed = 0, uses_anonymous_args = 0
 445              		@ link register save eliminated.
 446 0000 4368     		ldr	r3, [r0, #4]
 447 0002 11B1     		cbz	r1, .L53
 448 0004 43F48063 		orr	r3, r3, #1024
 449 0008 01E0     		b	.L55
 450              	.L53:
 451 000a 23F48063 		bic	r3, r3, #1024
 452              	.L55:
 453 000e 4360     		str	r3, [r0, #4]
 454 0010 7047     		bx	lr
 456              		.section	.text.ADC_InjectedDiscModeCmd,"ax",%progbits
 457              		.align	1
 458              		.global	ADC_InjectedDiscModeCmd
 459              		.thumb
 460              		.thumb_func
 462              	ADC_InjectedDiscModeCmd:
 463              		@ args = 0, pretend = 0, frame = 0
 464              		@ frame_needed = 0, uses_anonymous_args = 0
 465              		@ link register save eliminated.
 466 0000 4368     		ldr	r3, [r0, #4]
 467 0002 11B1     		cbz	r1, .L57
 468 0004 43F48053 		orr	r3, r3, #4096
 469 0008 01E0     		b	.L59
 470              	.L57:
 471 000a 23F48053 		bic	r3, r3, #4096
 472              	.L59:
 473 000e 4360     		str	r3, [r0, #4]
 474 0010 7047     		bx	lr
 476              		.section	.text.ADC_ExternalTrigInjectedConvConfig,"ax",%progbits
 477              		.align	1
 478              		.global	ADC_ExternalTrigInjectedConvConfig
 479              		.thumb
 480              		.thumb_func
 482              	ADC_ExternalTrigInjectedConvConfig:
 483              		@ args = 0, pretend = 0, frame = 0
 484              		@ frame_needed = 0, uses_anonymous_args = 0
 485              		@ link register save eliminated.
 486 0000 8368     		ldr	r3, [r0, #8]
 487 0002 23F4E043 		bic	r3, r3, #28672
 488 0006 1943     		orrs	r1, r1, r3
 489 0008 8160     		str	r1, [r0, #8]
 490 000a 7047     		bx	lr
 492              		.section	.text.ADC_ExternalTrigInjectedConvCmd,"ax",%progbits
 493              		.align	1
 494              		.global	ADC_ExternalTrigInjectedConvCmd
 495              		.thumb
 496              		.thumb_func
 498              	ADC_ExternalTrigInjectedConvCmd:
 499              		@ args = 0, pretend = 0, frame = 0
 500              		@ frame_needed = 0, uses_anonymous_args = 0
 501              		@ link register save eliminated.
 502 0000 8368     		ldr	r3, [r0, #8]
 503 0002 11B1     		cbz	r1, .L62
 504 0004 43F40043 		orr	r3, r3, #32768
 505 0008 01E0     		b	.L64
 506              	.L62:
 507 000a 23F40043 		bic	r3, r3, #32768
 508              	.L64:
 509 000e 8360     		str	r3, [r0, #8]
 510 0010 7047     		bx	lr
 512              		.section	.text.ADC_SoftwareStartInjectedConvCmd,"ax",%progbits
 513              		.align	1
 514              		.global	ADC_SoftwareStartInjectedConvCmd
 515              		.thumb
 516              		.thumb_func
 518              	ADC_SoftwareStartInjectedConvCmd:
 519              		@ args = 0, pretend = 0, frame = 0
 520              		@ frame_needed = 0, uses_anonymous_args = 0
 521              		@ link register save eliminated.
 522 0000 8368     		ldr	r3, [r0, #8]
 523 0002 11B1     		cbz	r1, .L66
 524 0004 43F40213 		orr	r3, r3, #2129920
 525 0008 01E0     		b	.L68
 526              	.L66:
 527 000a 23F40213 		bic	r3, r3, #2129920
 528              	.L68:
 529 000e 8360     		str	r3, [r0, #8]
 530 0010 7047     		bx	lr
 532              		.section	.text.ADC_GetSoftwareStartInjectedConvCmdStatus,"ax",%progbits
 533              		.align	1
 534              		.global	ADC_GetSoftwareStartInjectedConvCmdStatus
 535              		.thumb
 536              		.thumb_func
 538              	ADC_GetSoftwareStartInjectedConvCmdStatus:
 539              		@ args = 0, pretend = 0, frame = 0
 540              		@ frame_needed = 0, uses_anonymous_args = 0
 541              		@ link register save eliminated.
 542 0000 8068     		ldr	r0, [r0, #8]
 543 0002 C0F34050 		ubfx	r0, r0, #21, #1
 544 0006 7047     		bx	lr
 546              		.section	.text.ADC_InjectedChannelConfig,"ax",%progbits
 547              		.align	1
 548              		.global	ADC_InjectedChannelConfig
 549              		.thumb
 550              		.thumb_func
 552              	ADC_InjectedChannelConfig:
 553              		@ args = 0, pretend = 0, frame = 0
 554              		@ frame_needed = 0, uses_anonymous_args = 0
 555 0000 0929     		cmp	r1, #9
 556 0002 70B5     		push	{r4, r5, r6, lr}
 557 0004 4FF00304 		mov	r4, #3
 558 0008 0BD9     		bls	.L71
 559 000a 4C43     		muls	r4, r1, r4
 560 000c 0725     		movs	r5, #7
 561 000e 1E3C     		subs	r4, r4, #30
 562 0010 A540     		lsls	r5, r5, r4
 563 0012 A340     		lsls	r3, r3, r4
 564 0014 C668     		ldr	r6, [r0, #12]
 565 0016 26EA0505 		bic	r5, r6, r5
 566 001a 45EA0304 		orr	r4, r5, r3
 567 001e C460     		str	r4, [r0, #12]
 568 0020 0AE0     		b	.L72
 569              	.L71:
 570 0022 4C43     		muls	r4, r1, r4
 571 0024 0725     		movs	r5, #7
 572 0026 A540     		lsls	r5, r5, r4
 573 0028 13FA04F4 		lsls	r4, r3, r4
 574 002c 0669     		ldr	r6, [r0, #16]
 575 002e 26EA0505 		bic	r5, r6, r5
 576 0032 45EA0403 		orr	r3, r5, r4
 577 0036 0361     		str	r3, [r0, #16]
 578              	.L72:
 579 0038 836B     		ldr	r3, [r0, #56]
 580 003a C3F30154 		ubfx	r4, r3, #20, #2
 581 003e 121B     		subs	r2, r2, r4
 582 0040 0232     		adds	r2, r2, #2
 583 0042 0524     		movs	r4, #5
 584 0044 D2B2     		uxtb	r2, r2
 585 0046 6243     		muls	r2, r4, r2
 586 0048 1F24     		movs	r4, #31
 587 004a 9440     		lsls	r4, r4, r2
 588 004c 9140     		lsls	r1, r1, r2
 589 004e 23EA0403 		bic	r3, r3, r4
 590 0052 0B43     		orrs	r3, r3, r1
 591 0054 8363     		str	r3, [r0, #56]
 592 0056 70BD     		pop	{r4, r5, r6, pc}
 594              		.section	.text.ADC_InjectedSequencerLengthConfig,"ax",%progbits
 595              		.align	1
 596              		.global	ADC_InjectedSequencerLengthConfig
 597              		.thumb
 598              		.thumb_func
 600              	ADC_InjectedSequencerLengthConfig:
 601              		@ args = 0, pretend = 0, frame = 0
 602              		@ frame_needed = 0, uses_anonymous_args = 0
 603              		@ link register save eliminated.
 604 0000 836B     		ldr	r3, [r0, #56]
 605 0002 0139     		subs	r1, r1, #1
 606 0004 23F44013 		bic	r3, r3, #3145728
 607 0008 43EA0151 		orr	r1, r3, r1, lsl #20
 608 000c 8163     		str	r1, [r0, #56]
 609 000e 7047     		bx	lr
 611              		.section	.text.ADC_SetInjectedOffset,"ax",%progbits
 612              		.align	1
 613              		.global	ADC_SetInjectedOffset
 614              		.thumb
 615              		.thumb_func
 617              	ADC_SetInjectedOffset:
 618              		@ args = 0, pretend = 0, frame = 8
 619              		@ frame_needed = 0, uses_anonymous_args = 0
 620              		@ link register save eliminated.
 621 0000 82B0     		sub	sp, sp, #8
 622 0002 0023     		movs	r3, #0
 623 0004 0193     		str	r3, [sp, #4]
 624 0006 0190     		str	r0, [sp, #4]
 625 0008 019B     		ldr	r3, [sp, #4]
 626 000a C918     		adds	r1, r1, r3
 627 000c 0191     		str	r1, [sp, #4]
 628 000e 019B     		ldr	r3, [sp, #4]
 629 0010 1A60     		str	r2, [r3, #0]
 630 0012 02B0     		add	sp, sp, #8
 631 0014 7047     		bx	lr
 633              		.section	.text.ADC_GetInjectedConversionValue,"ax",%progbits
 634              		.align	1
 635              		.global	ADC_GetInjectedConversionValue
 636              		.thumb
 637              		.thumb_func
 639              	ADC_GetInjectedConversionValue:
 640              		@ args = 0, pretend = 0, frame = 8
 641              		@ frame_needed = 0, uses_anonymous_args = 0
 642              		@ link register save eliminated.
 643 0000 82B0     		sub	sp, sp, #8
 644 0002 0023     		movs	r3, #0
 645 0004 0193     		str	r3, [sp, #4]
 646 0006 0190     		str	r0, [sp, #4]
 647 0008 019B     		ldr	r3, [sp, #4]
 648 000a 2833     		adds	r3, r3, #40
 649 000c 5918     		adds	r1, r3, r1
 650 000e 0191     		str	r1, [sp, #4]
 651 0010 019B     		ldr	r3, [sp, #4]
 652 0012 1868     		ldr	r0, [r3, #0]
 653 0014 80B2     		uxth	r0, r0
 654 0016 02B0     		add	sp, sp, #8
 655 0018 7047     		bx	lr
 657              		.section	.text.ADC_AnalogWatchdogCmd,"ax",%progbits
 658              		.align	1
 659              		.global	ADC_AnalogWatchdogCmd
 660              		.thumb
 661              		.thumb_func
 663              	ADC_AnalogWatchdogCmd:
 664              		@ args = 0, pretend = 0, frame = 0
 665              		@ frame_needed = 0, uses_anonymous_args = 0
 666              		@ link register save eliminated.
 667 0000 4368     		ldr	r3, [r0, #4]
 668 0002 23F44003 		bic	r3, r3, #12582912
 669 0006 23F40073 		bic	r3, r3, #512
 670 000a 1943     		orrs	r1, r1, r3
 671 000c 4160     		str	r1, [r0, #4]
 672 000e 7047     		bx	lr
 674              		.section	.text.ADC_AnalogWatchdogThresholdsConfig,"ax",%progbits
 675              		.align	1
 676              		.global	ADC_AnalogWatchdogThresholdsConfig
 677              		.thumb
 678              		.thumb_func
 680              	ADC_AnalogWatchdogThresholdsConfig:
 681              		@ args = 0, pretend = 0, frame = 0
 682              		@ frame_needed = 0, uses_anonymous_args = 0
 683              		@ link register save eliminated.
 684 0000 4162     		str	r1, [r0, #36]
 685 0002 8262     		str	r2, [r0, #40]
 686 0004 7047     		bx	lr
 688              		.section	.text.ADC_AnalogWatchdogSingleChannelConfig,"ax",%progbits
 689              		.align	1
 690              		.global	ADC_AnalogWatchdogSingleChannelConfig
 691              		.thumb
 692              		.thumb_func
 694              	ADC_AnalogWatchdogSingleChannelConfig:
 695              		@ args = 0, pretend = 0, frame = 0
 696              		@ frame_needed = 0, uses_anonymous_args = 0
 697              		@ link register save eliminated.
 698 0000 4368     		ldr	r3, [r0, #4]
 699 0002 23F01F03 		bic	r3, r3, #31
 700 0006 1943     		orrs	r1, r1, r3
 701 0008 4160     		str	r1, [r0, #4]
 702 000a 7047     		bx	lr
 704              		.section	.text.ADC_TempSensorVrefintCmd,"ax",%progbits
 705              		.align	1
 706              		.global	ADC_TempSensorVrefintCmd
 707              		.thumb
 708              		.thumb_func
 710              	ADC_TempSensorVrefintCmd:
 711              		@ args = 0, pretend = 0, frame = 0
 712              		@ frame_needed = 0, uses_anonymous_args = 0
 713              		@ link register save eliminated.
 714 0000 044B     		ldr	r3, .L83
 715 0002 9A68     		ldr	r2, [r3, #8]
 716 0004 10B1     		cbz	r0, .L80
 717 0006 42F40002 		orr	r2, r2, #8388608
 718 000a 01E0     		b	.L82
 719              	.L80:
 720 000c 22F40002 		bic	r2, r2, #8388608
 721              	.L82:
 722 0010 9A60     		str	r2, [r3, #8]
 723 0012 7047     		bx	lr
 724              	.L84:
 725              		.align	2
 726              	.L83:
 727 0014 00240140 		.word	1073816576
 729              		.section	.text.ADC_GetFlagStatus,"ax",%progbits
 730              		.align	1
 731              		.global	ADC_GetFlagStatus
 732              		.thumb
 733              		.thumb_func
 735              	ADC_GetFlagStatus:
 736              		@ args = 0, pretend = 0, frame = 0
 737              		@ frame_needed = 0, uses_anonymous_args = 0
 738              		@ link register save eliminated.
 739 0000 0368     		ldr	r3, [r0, #0]
 740 0002 1942     		tst	r1, r3
 741 0004 0CBF     		ite	eq
 742 0006 0020     		moveq	r0, #0
 743 0008 0120     		movne	r0, #1
 744 000a 7047     		bx	lr
 746              		.section	.text.ADC_ClearFlag,"ax",%progbits
 747              		.align	1
 748              		.global	ADC_ClearFlag
 749              		.thumb
 750              		.thumb_func
 752              	ADC_ClearFlag:
 753              		@ args = 0, pretend = 0, frame = 0
 754              		@ frame_needed = 0, uses_anonymous_args = 0
 755              		@ link register save eliminated.
 756 0000 C943     		mvns	r1, r1
 757 0002 0160     		str	r1, [r0, #0]
 758 0004 7047     		bx	lr
 760              		.section	.text.ADC_GetITStatus,"ax",%progbits
 761              		.align	1
 762              		.global	ADC_GetITStatus
 763              		.thumb
 764              		.thumb_func
 766              	ADC_GetITStatus:
 767              		@ args = 0, pretend = 0, frame = 0
 768              		@ frame_needed = 0, uses_anonymous_args = 0
 769              		@ link register save eliminated.
 770 0000 4368     		ldr	r3, [r0, #4]
 771 0002 0068     		ldr	r0, [r0, #0]
 772 0004 10EA1120 		ands	r0, r0, r1, lsr #8
 773 0008 04D0     		beq	.L88
 774 000a C9B2     		uxtb	r1, r1
 775 000c 1942     		tst	r1, r3
 776 000e 0CBF     		ite	eq
 777 0010 0020     		moveq	r0, #0
 778 0012 0120     		movne	r0, #1
 779              	.L88:
 780 0014 7047     		bx	lr
 782              		.section	.text.ADC_ClearITPendingBit,"ax",%progbits
 783              		.align	1
 784              		.global	ADC_ClearITPendingBit
 785              		.thumb
 786              		.thumb_func
 788              	ADC_ClearITPendingBit:
 789              		@ args = 0, pretend = 0, frame = 0
 790              		@ frame_needed = 0, uses_anonymous_args = 0
 791              		@ link register save eliminated.
 792 0000 6FEA1121 		mvn	r1, r1, lsr #8
 793 0004 0160     		str	r1, [r0, #0]
 794 0006 7047     		bx	lr
 796              		.ident	"GCC: (GNU) 4.6.2"
DEFINED SYMBOLS
                            *ABS*:00000000 stm32f10x_adc.c
C:\Users\kreyl\AppData\Local\Temp\ccR9HzDe.s:15     .text.ADC_DeInit:00000000 $t
C:\Users\kreyl\AppData\Local\Temp\ccR9HzDe.s:20     .text.ADC_DeInit:00000000 ADC_DeInit
C:\Users\kreyl\AppData\Local\Temp\ccR9HzDe.s:58     .text.ADC_DeInit:00000050 $d
C:\Users\kreyl\AppData\Local\Temp\ccR9HzDe.s:63     .text.ADC_Init:00000000 $t
C:\Users\kreyl\AppData\Local\Temp\ccR9HzDe.s:68     .text.ADC_Init:00000000 ADC_Init
C:\Users\kreyl\AppData\Local\Temp\ccR9HzDe.s:101    .text.ADC_Init:00000044 $d
C:\Users\kreyl\AppData\Local\Temp\ccR9HzDe.s:104    .text.ADC_StructInit:00000000 $t
C:\Users\kreyl\AppData\Local\Temp\ccR9HzDe.s:109    .text.ADC_StructInit:00000000 ADC_StructInit
C:\Users\kreyl\AppData\Local\Temp\ccR9HzDe.s:124    .text.ADC_Cmd:00000000 $t
C:\Users\kreyl\AppData\Local\Temp\ccR9HzDe.s:129    .text.ADC_Cmd:00000000 ADC_Cmd
C:\Users\kreyl\AppData\Local\Temp\ccR9HzDe.s:144    .text.ADC_DMACmd:00000000 $t
C:\Users\kreyl\AppData\Local\Temp\ccR9HzDe.s:149    .text.ADC_DMACmd:00000000 ADC_DMACmd
C:\Users\kreyl\AppData\Local\Temp\ccR9HzDe.s:164    .text.ADC_ITConfig:00000000 $t
C:\Users\kreyl\AppData\Local\Temp\ccR9HzDe.s:169    .text.ADC_ITConfig:00000000 ADC_ITConfig
C:\Users\kreyl\AppData\Local\Temp\ccR9HzDe.s:185    .text.ADC_ResetCalibration:00000000 $t
C:\Users\kreyl\AppData\Local\Temp\ccR9HzDe.s:190    .text.ADC_ResetCalibration:00000000 ADC_ResetCalibration
C:\Users\kreyl\AppData\Local\Temp\ccR9HzDe.s:200    .text.ADC_GetResetCalibrationStatus:00000000 $t
C:\Users\kreyl\AppData\Local\Temp\ccR9HzDe.s:205    .text.ADC_GetResetCalibrationStatus:00000000 ADC_GetResetCalibrationStatus
C:\Users\kreyl\AppData\Local\Temp\ccR9HzDe.s:214    .text.ADC_StartCalibration:00000000 $t
C:\Users\kreyl\AppData\Local\Temp\ccR9HzDe.s:219    .text.ADC_StartCalibration:00000000 ADC_StartCalibration
C:\Users\kreyl\AppData\Local\Temp\ccR9HzDe.s:229    .text.ADC_GetCalibrationStatus:00000000 $t
C:\Users\kreyl\AppData\Local\Temp\ccR9HzDe.s:234    .text.ADC_GetCalibrationStatus:00000000 ADC_GetCalibrationStatus
C:\Users\kreyl\AppData\Local\Temp\ccR9HzDe.s:243    .text.ADC_SoftwareStartConvCmd:00000000 $t
C:\Users\kreyl\AppData\Local\Temp\ccR9HzDe.s:248    .text.ADC_SoftwareStartConvCmd:00000000 ADC_SoftwareStartConvCmd
C:\Users\kreyl\AppData\Local\Temp\ccR9HzDe.s:263    .text.ADC_GetSoftwareStartConvStatus:00000000 $t
C:\Users\kreyl\AppData\Local\Temp\ccR9HzDe.s:268    .text.ADC_GetSoftwareStartConvStatus:00000000 ADC_GetSoftwareStartConvStatus
C:\Users\kreyl\AppData\Local\Temp\ccR9HzDe.s:277    .text.ADC_DiscModeChannelCountConfig:00000000 $t
C:\Users\kreyl\AppData\Local\Temp\ccR9HzDe.s:282    .text.ADC_DiscModeChannelCountConfig:00000000 ADC_DiscModeChannelCountConfig
C:\Users\kreyl\AppData\Local\Temp\ccR9HzDe.s:294    .text.ADC_DiscModeCmd:00000000 $t
C:\Users\kreyl\AppData\Local\Temp\ccR9HzDe.s:299    .text.ADC_DiscModeCmd:00000000 ADC_DiscModeCmd
C:\Users\kreyl\AppData\Local\Temp\ccR9HzDe.s:314    .text.ADC_RegularChannelConfig:00000000 $t
C:\Users\kreyl\AppData\Local\Temp\ccR9HzDe.s:319    .text.ADC_RegularChannelConfig:00000000 ADC_RegularChannelConfig
C:\Users\kreyl\AppData\Local\Temp\ccR9HzDe.s:385    .text.ADC_ExternalTrigConvCmd:00000000 $t
C:\Users\kreyl\AppData\Local\Temp\ccR9HzDe.s:390    .text.ADC_ExternalTrigConvCmd:00000000 ADC_ExternalTrigConvCmd
C:\Users\kreyl\AppData\Local\Temp\ccR9HzDe.s:405    .text.ADC_GetConversionValue:00000000 $t
C:\Users\kreyl\AppData\Local\Temp\ccR9HzDe.s:410    .text.ADC_GetConversionValue:00000000 ADC_GetConversionValue
C:\Users\kreyl\AppData\Local\Temp\ccR9HzDe.s:419    .text.ADC_GetDualModeConversionValue:00000000 $t
C:\Users\kreyl\AppData\Local\Temp\ccR9HzDe.s:424    .text.ADC_GetDualModeConversionValue:00000000 ADC_GetDualModeConversionValue
C:\Users\kreyl\AppData\Local\Temp\ccR9HzDe.s:434    .text.ADC_GetDualModeConversionValue:00000008 $d
C:\Users\kreyl\AppData\Local\Temp\ccR9HzDe.s:437    .text.ADC_AutoInjectedConvCmd:00000000 $t
C:\Users\kreyl\AppData\Local\Temp\ccR9HzDe.s:442    .text.ADC_AutoInjectedConvCmd:00000000 ADC_AutoInjectedConvCmd
C:\Users\kreyl\AppData\Local\Temp\ccR9HzDe.s:457    .text.ADC_InjectedDiscModeCmd:00000000 $t
C:\Users\kreyl\AppData\Local\Temp\ccR9HzDe.s:462    .text.ADC_InjectedDiscModeCmd:00000000 ADC_InjectedDiscModeCmd
C:\Users\kreyl\AppData\Local\Temp\ccR9HzDe.s:477    .text.ADC_ExternalTrigInjectedConvConfig:00000000 $t
C:\Users\kreyl\AppData\Local\Temp\ccR9HzDe.s:482    .text.ADC_ExternalTrigInjectedConvConfig:00000000 ADC_ExternalTrigInjectedConvConfig
C:\Users\kreyl\AppData\Local\Temp\ccR9HzDe.s:493    .text.ADC_ExternalTrigInjectedConvCmd:00000000 $t
C:\Users\kreyl\AppData\Local\Temp\ccR9HzDe.s:498    .text.ADC_ExternalTrigInjectedConvCmd:00000000 ADC_ExternalTrigInjectedConvCmd
C:\Users\kreyl\AppData\Local\Temp\ccR9HzDe.s:513    .text.ADC_SoftwareStartInjectedConvCmd:00000000 $t
C:\Users\kreyl\AppData\Local\Temp\ccR9HzDe.s:518    .text.ADC_SoftwareStartInjectedConvCmd:00000000 ADC_SoftwareStartInjectedConvCmd
C:\Users\kreyl\AppData\Local\Temp\ccR9HzDe.s:533    .text.ADC_GetSoftwareStartInjectedConvCmdStatus:00000000 $t
C:\Users\kreyl\AppData\Local\Temp\ccR9HzDe.s:538    .text.ADC_GetSoftwareStartInjectedConvCmdStatus:00000000 ADC_GetSoftwareStartInjectedConvCmdStatus
C:\Users\kreyl\AppData\Local\Temp\ccR9HzDe.s:547    .text.ADC_InjectedChannelConfig:00000000 $t
C:\Users\kreyl\AppData\Local\Temp\ccR9HzDe.s:552    .text.ADC_InjectedChannelConfig:00000000 ADC_InjectedChannelConfig
C:\Users\kreyl\AppData\Local\Temp\ccR9HzDe.s:595    .text.ADC_InjectedSequencerLengthConfig:00000000 $t
C:\Users\kreyl\AppData\Local\Temp\ccR9HzDe.s:600    .text.ADC_InjectedSequencerLengthConfig:00000000 ADC_InjectedSequencerLengthConfig
C:\Users\kreyl\AppData\Local\Temp\ccR9HzDe.s:612    .text.ADC_SetInjectedOffset:00000000 $t
C:\Users\kreyl\AppData\Local\Temp\ccR9HzDe.s:617    .text.ADC_SetInjectedOffset:00000000 ADC_SetInjectedOffset
C:\Users\kreyl\AppData\Local\Temp\ccR9HzDe.s:634    .text.ADC_GetInjectedConversionValue:00000000 $t
C:\Users\kreyl\AppData\Local\Temp\ccR9HzDe.s:639    .text.ADC_GetInjectedConversionValue:00000000 ADC_GetInjectedConversionValue
C:\Users\kreyl\AppData\Local\Temp\ccR9HzDe.s:658    .text.ADC_AnalogWatchdogCmd:00000000 $t
C:\Users\kreyl\AppData\Local\Temp\ccR9HzDe.s:663    .text.ADC_AnalogWatchdogCmd:00000000 ADC_AnalogWatchdogCmd
C:\Users\kreyl\AppData\Local\Temp\ccR9HzDe.s:675    .text.ADC_AnalogWatchdogThresholdsConfig:00000000 $t
C:\Users\kreyl\AppData\Local\Temp\ccR9HzDe.s:680    .text.ADC_AnalogWatchdogThresholdsConfig:00000000 ADC_AnalogWatchdogThresholdsConfig
C:\Users\kreyl\AppData\Local\Temp\ccR9HzDe.s:689    .text.ADC_AnalogWatchdogSingleChannelConfig:00000000 $t
C:\Users\kreyl\AppData\Local\Temp\ccR9HzDe.s:694    .text.ADC_AnalogWatchdogSingleChannelConfig:00000000 ADC_AnalogWatchdogSingleChannelConfig
C:\Users\kreyl\AppData\Local\Temp\ccR9HzDe.s:705    .text.ADC_TempSensorVrefintCmd:00000000 $t
C:\Users\kreyl\AppData\Local\Temp\ccR9HzDe.s:710    .text.ADC_TempSensorVrefintCmd:00000000 ADC_TempSensorVrefintCmd
C:\Users\kreyl\AppData\Local\Temp\ccR9HzDe.s:727    .text.ADC_TempSensorVrefintCmd:00000014 $d
C:\Users\kreyl\AppData\Local\Temp\ccR9HzDe.s:730    .text.ADC_GetFlagStatus:00000000 $t
C:\Users\kreyl\AppData\Local\Temp\ccR9HzDe.s:735    .text.ADC_GetFlagStatus:00000000 ADC_GetFlagStatus
C:\Users\kreyl\AppData\Local\Temp\ccR9HzDe.s:747    .text.ADC_ClearFlag:00000000 $t
C:\Users\kreyl\AppData\Local\Temp\ccR9HzDe.s:752    .text.ADC_ClearFlag:00000000 ADC_ClearFlag
C:\Users\kreyl\AppData\Local\Temp\ccR9HzDe.s:761    .text.ADC_GetITStatus:00000000 $t
C:\Users\kreyl\AppData\Local\Temp\ccR9HzDe.s:766    .text.ADC_GetITStatus:00000000 ADC_GetITStatus
C:\Users\kreyl\AppData\Local\Temp\ccR9HzDe.s:783    .text.ADC_ClearITPendingBit:00000000 $t
C:\Users\kreyl\AppData\Local\Temp\ccR9HzDe.s:788    .text.ADC_ClearITPendingBit:00000000 ADC_ClearITPendingBit

UNDEFINED SYMBOLS
RCC_APB2PeriphResetCmd
