eeschema (2012-01-19 BZR 3256)-stable  >> Creation date: 10/04/2012 15:34:32

#Cmp ( order = Reference )
| B1         BAT         
| C8         0.1u        
| C9         0.1u        
| C10        0.1u        
| C11        0.1u        
| C12        1u          
| C15        0.1u        
| C16        10u         
| C17        0.1u        
| C18        10u         
| D6         D_SHOTTKY   
| DA4        NCP1400     
| DD1        STM32L151-48
| L5         22uH        
| Q1         LED_RGB     
| R1         51R         
| R2         51R         
| R3         51R         
| XL1        CONN_8      
| XL2        CONN_1      
| XL3        CONN_1      
| XL4        CONN_1      
| XL5        ST_SWD      
| XL6        CONN_1      
| XL7        CONN_2      
#End Cmp

#Cmp ( order = Value )
| 0.1u         C8        
| 0.1u         C9        
| 0.1u         C10       
| 0.1u         C11       
| 0.1u         C15       
| 0.1u         C17       
| 10u          C16       
| 10u          C18       
| 1u           C12       
| 22uH         L5        
| 51R          R1        
| 51R          R2        
| 51R          R3        
| BAT          B1        
| CONN_1       XL2       
| CONN_1       XL3       
| CONN_1       XL4       
| CONN_1       XL6       
| CONN_2       XL7       
| CONN_8       XL1       
| D_SHOTTKY    D6        
| LED_RGB      Q1        
| NCP1400      DA4       
| ST_SWD       XL5       
| STM32L151-48 DD1       
#End Cmp

#End List
