   1              		.syntax unified
   2              		.cpu cortex-m3
   3              		.fpu softvfp
   4              		.eabi_attribute 20, 1
   5              		.eabi_attribute 21, 1
   6              		.eabi_attribute 23, 3
   7              		.eabi_attribute 24, 1
   8              		.eabi_attribute 25, 1
   9              		.eabi_attribute 26, 1
  10              		.eabi_attribute 30, 4
  11              		.eabi_attribute 18, 4
  12              		.thumb
  13              		.file	"core_cm3.c"
  14              		.section	.text.__get_PSP,"ax",%progbits
  15              		.align	1
  16              		.global	__get_PSP
  17              		.thumb
  18              		.thumb_func
  20              	__get_PSP:
  21              		@ Naked Function: prologue and epilogue provided by programmer.
  22              		@ args = 0, pretend = 0, frame = 0
  23              		@ frame_needed = 0, uses_anonymous_args = 0
  24              	@ 447 "../lib/CoreSupport/core_cm3.c" 1
  25 0000 EFF30980 		MRS r0, psp
  26 0004 0046     		MOV r0, r0 
  27 0006 7047     		BX  lr     
  28              		
  29              	@ 0 "" 2
  30              		.thumb
  32              		.section	.text.__set_PSP,"ax",%progbits
  33              		.align	1
  34              		.global	__set_PSP
  35              		.thumb
  36              		.thumb_func
  38              	__set_PSP:
  39              		@ Naked Function: prologue and epilogue provided by programmer.
  40              		@ args = 0, pretend = 0, frame = 0
  41              		@ frame_needed = 0, uses_anonymous_args = 0
  42              	@ 464 "../lib/CoreSupport/core_cm3.c" 1
  43 0000 80F30988 		MSR psp, r0
  44 0004 7047     		BX  lr     
  45              		
  46              	@ 0 "" 2
  47              		.thumb
  49              		.section	.text.__get_MSP,"ax",%progbits
  50              		.align	1
  51              		.global	__get_MSP
  52              		.thumb
  53              		.thumb_func
  55              	__get_MSP:
  56              		@ Naked Function: prologue and epilogue provided by programmer.
  57              		@ args = 0, pretend = 0, frame = 0
  58              		@ frame_needed = 0, uses_anonymous_args = 0
  59              	@ 481 "../lib/CoreSupport/core_cm3.c" 1
  60 0000 EFF30880 		MRS r0, msp
  61 0004 0046     		MOV r0, r0 
  62 0006 7047     		BX  lr     
  63              		
  64              	@ 0 "" 2
  65              		.thumb
  67              		.section	.text.__set_MSP,"ax",%progbits
  68              		.align	1
  69              		.global	__set_MSP
  70              		.thumb
  71              		.thumb_func
  73              	__set_MSP:
  74              		@ Naked Function: prologue and epilogue provided by programmer.
  75              		@ args = 0, pretend = 0, frame = 0
  76              		@ frame_needed = 0, uses_anonymous_args = 0
  77              	@ 498 "../lib/CoreSupport/core_cm3.c" 1
  78 0000 80F30888 		MSR msp, r0
  79 0004 7047     		BX  lr     
  80              		
  81              	@ 0 "" 2
  82              		.thumb
  84              		.section	.text.__get_BASEPRI,"ax",%progbits
  85              		.align	1
  86              		.global	__get_BASEPRI
  87              		.thumb
  88              		.thumb_func
  90              	__get_BASEPRI:
  91              		@ args = 0, pretend = 0, frame = 0
  92              		@ frame_needed = 0, uses_anonymous_args = 0
  93              		@ link register save eliminated.
  94              	@ 513 "../lib/CoreSupport/core_cm3.c" 1
  95 0000 EFF31280 		MRS r0, basepri_max
  96              	@ 0 "" 2
  97              		.thumb
  98 0004 7047     		bx	lr
 100              		.section	.text.__set_BASEPRI,"ax",%progbits
 101              		.align	1
 102              		.global	__set_BASEPRI
 103              		.thumb
 104              		.thumb_func
 106              	__set_BASEPRI:
 107              		@ args = 0, pretend = 0, frame = 0
 108              		@ frame_needed = 0, uses_anonymous_args = 0
 109              		@ link register save eliminated.
 110              	@ 526 "../lib/CoreSupport/core_cm3.c" 1
 111 0000 80F31188 		MSR basepri, r0
 112              	@ 0 "" 2
 113              		.thumb
 114 0004 7047     		bx	lr
 116              		.section	.text.__get_PRIMASK,"ax",%progbits
 117              		.align	1
 118              		.global	__get_PRIMASK
 119              		.thumb
 120              		.thumb_func
 122              	__get_PRIMASK:
 123              		@ args = 0, pretend = 0, frame = 0
 124              		@ frame_needed = 0, uses_anonymous_args = 0
 125              		@ link register save eliminated.
 126              	@ 540 "../lib/CoreSupport/core_cm3.c" 1
 127 0000 EFF31080 		MRS r0, primask
 128              	@ 0 "" 2
 129              		.thumb
 130 0004 7047     		bx	lr
 132              		.section	.text.__set_PRIMASK,"ax",%progbits
 133              		.align	1
 134              		.global	__set_PRIMASK
 135              		.thumb
 136              		.thumb_func
 138              	__set_PRIMASK:
 139              		@ args = 0, pretend = 0, frame = 0
 140              		@ frame_needed = 0, uses_anonymous_args = 0
 141              		@ link register save eliminated.
 142              	@ 553 "../lib/CoreSupport/core_cm3.c" 1
 143 0000 80F31088 		MSR primask, r0
 144              	@ 0 "" 2
 145              		.thumb
 146 0004 7047     		bx	lr
 148              		.section	.text.__get_FAULTMASK,"ax",%progbits
 149              		.align	1
 150              		.global	__get_FAULTMASK
 151              		.thumb
 152              		.thumb_func
 154              	__get_FAULTMASK:
 155              		@ args = 0, pretend = 0, frame = 0
 156              		@ frame_needed = 0, uses_anonymous_args = 0
 157              		@ link register save eliminated.
 158              	@ 567 "../lib/CoreSupport/core_cm3.c" 1
 159 0000 EFF31380 		MRS r0, faultmask
 160              	@ 0 "" 2
 161              		.thumb
 162 0004 7047     		bx	lr
 164              		.section	.text.__set_FAULTMASK,"ax",%progbits
 165              		.align	1
 166              		.global	__set_FAULTMASK
 167              		.thumb
 168              		.thumb_func
 170              	__set_FAULTMASK:
 171              		@ args = 0, pretend = 0, frame = 0
 172              		@ frame_needed = 0, uses_anonymous_args = 0
 173              		@ link register save eliminated.
 174              	@ 580 "../lib/CoreSupport/core_cm3.c" 1
 175 0000 80F31388 		MSR faultmask, r0
 176              	@ 0 "" 2
 177              		.thumb
 178 0004 7047     		bx	lr
 180              		.section	.text.__get_CONTROL,"ax",%progbits
 181              		.align	1
 182              		.global	__get_CONTROL
 183              		.thumb
 184              		.thumb_func
 186              	__get_CONTROL:
 187              		@ args = 0, pretend = 0, frame = 0
 188              		@ frame_needed = 0, uses_anonymous_args = 0
 189              		@ link register save eliminated.
 190              	@ 594 "../lib/CoreSupport/core_cm3.c" 1
 191 0000 EFF31480 		MRS r0, control
 192              	@ 0 "" 2
 193              		.thumb
 194 0004 7047     		bx	lr
 196              		.section	.text.__set_CONTROL,"ax",%progbits
 197              		.align	1
 198              		.global	__set_CONTROL
 199              		.thumb
 200              		.thumb_func
 202              	__set_CONTROL:
 203              		@ args = 0, pretend = 0, frame = 0
 204              		@ frame_needed = 0, uses_anonymous_args = 0
 205              		@ link register save eliminated.
 206              	@ 607 "../lib/CoreSupport/core_cm3.c" 1
 207 0000 80F31488 		MSR control, r0
 208              	@ 0 "" 2
 209              		.thumb
 210 0004 7047     		bx	lr
 212              		.section	.text.__REV,"ax",%progbits
 213              		.align	1
 214              		.global	__REV
 215              		.thumb
 216              		.thumb_func
 218              	__REV:
 219              		@ args = 0, pretend = 0, frame = 0
 220              		@ frame_needed = 0, uses_anonymous_args = 0
 221              		@ link register save eliminated.
 222              	@ 623 "../lib/CoreSupport/core_cm3.c" 1
 223 0000 00BA     		rev r0, r0
 224              	@ 0 "" 2
 225              		.thumb
 226 0002 7047     		bx	lr
 228              		.section	.text.__REV16,"ax",%progbits
 229              		.align	1
 230              		.global	__REV16
 231              		.thumb
 232              		.thumb_func
 234              	__REV16:
 235              		@ args = 0, pretend = 0, frame = 0
 236              		@ frame_needed = 0, uses_anonymous_args = 0
 237              		@ link register save eliminated.
 238              	@ 639 "../lib/CoreSupport/core_cm3.c" 1
 239 0000 40BA     		rev16 r0, r0
 240              	@ 0 "" 2
 241              		.thumb
 242 0002 7047     		bx	lr
 244              		.section	.text.__REVSH,"ax",%progbits
 245              		.align	1
 246              		.global	__REVSH
 247              		.thumb
 248              		.thumb_func
 250              	__REVSH:
 251              		@ args = 0, pretend = 0, frame = 0
 252              		@ frame_needed = 0, uses_anonymous_args = 0
 253              		@ link register save eliminated.
 254              	@ 655 "../lib/CoreSupport/core_cm3.c" 1
 255 0000 C0BA     		revsh r0, r0
 256              	@ 0 "" 2
 257              		.thumb
 258 0002 7047     		bx	lr
 260              		.section	.text.__RBIT,"ax",%progbits
 261              		.align	1
 262              		.global	__RBIT
 263              		.thumb
 264              		.thumb_func
 266              	__RBIT:
 267              		@ args = 0, pretend = 0, frame = 0
 268              		@ frame_needed = 0, uses_anonymous_args = 0
 269              		@ link register save eliminated.
 270              	@ 671 "../lib/CoreSupport/core_cm3.c" 1
 271 0000 90FAA0F0 		rbit r0, r0
 272              	@ 0 "" 2
 273              		.thumb
 274 0004 7047     		bx	lr
 276              		.section	.text.__LDREXB,"ax",%progbits
 277              		.align	1
 278              		.global	__LDREXB
 279              		.thumb
 280              		.thumb_func
 282              	__LDREXB:
 283              		@ args = 0, pretend = 0, frame = 0
 284              		@ frame_needed = 0, uses_anonymous_args = 0
 285              		@ link register save eliminated.
 286              	@ 687 "../lib/CoreSupport/core_cm3.c" 1
 287 0000 D0E84F0F 		ldrexb r0, [r0]
 288              	@ 0 "" 2
 289              		.thumb
 290 0004 C0B2     		uxtb	r0, r0
 291 0006 7047     		bx	lr
 293              		.section	.text.__LDREXH,"ax",%progbits
 294              		.align	1
 295              		.global	__LDREXH
 296              		.thumb
 297              		.thumb_func
 299              	__LDREXH:
 300              		@ args = 0, pretend = 0, frame = 0
 301              		@ frame_needed = 0, uses_anonymous_args = 0
 302              		@ link register save eliminated.
 303              	@ 703 "../lib/CoreSupport/core_cm3.c" 1
 304 0000 D0E85F0F 		ldrexh r0, [r0]
 305              	@ 0 "" 2
 306              		.thumb
 307 0004 80B2     		uxth	r0, r0
 308 0006 7047     		bx	lr
 310              		.section	.text.__LDREXW,"ax",%progbits
 311              		.align	1
 312              		.global	__LDREXW
 313              		.thumb
 314              		.thumb_func
 316              	__LDREXW:
 317              		@ args = 0, pretend = 0, frame = 0
 318              		@ frame_needed = 0, uses_anonymous_args = 0
 319              		@ link register save eliminated.
 320              	@ 719 "../lib/CoreSupport/core_cm3.c" 1
 321 0000 50E8000F 		ldrex r0, [r0]
 322              	@ 0 "" 2
 323              		.thumb
 324 0004 7047     		bx	lr
 326              		.section	.text.__STREXB,"ax",%progbits
 327              		.align	1
 328              		.global	__STREXB
 329              		.thumb
 330              		.thumb_func
 332              	__STREXB:
 333              		@ args = 0, pretend = 0, frame = 0
 334              		@ frame_needed = 0, uses_anonymous_args = 0
 335              		@ link register save eliminated.
 336              	@ 736 "../lib/CoreSupport/core_cm3.c" 1
 337 0000 C1E8400F 		strexb r0, r0, [r1]
 338              	@ 0 "" 2
 339              		.thumb
 340 0004 7047     		bx	lr
 342              		.section	.text.__STREXH,"ax",%progbits
 343              		.align	1
 344              		.global	__STREXH
 345              		.thumb
 346              		.thumb_func
 348              	__STREXH:
 349              		@ args = 0, pretend = 0, frame = 0
 350              		@ frame_needed = 0, uses_anonymous_args = 0
 351              		@ link register save eliminated.
 352              	@ 753 "../lib/CoreSupport/core_cm3.c" 1
 353 0000 C1E8500F 		strexh r0, r0, [r1]
 354              	@ 0 "" 2
 355              		.thumb
 356 0004 7047     		bx	lr
 358              		.section	.text.__STREXW,"ax",%progbits
 359              		.align	1
 360              		.global	__STREXW
 361              		.thumb
 362              		.thumb_func
 364              	__STREXW:
 365              		@ args = 0, pretend = 0, frame = 0
 366              		@ frame_needed = 0, uses_anonymous_args = 0
 367              		@ link register save eliminated.
 368              	@ 770 "../lib/CoreSupport/core_cm3.c" 1
 369 0000 41E80000 		strex r0, r0, [r1]
 370              	@ 0 "" 2
 371              		.thumb
 372 0004 7047     		bx	lr
 374              		.ident	"GCC: (GNU) 4.6.2"
DEFINED SYMBOLS
                            *ABS*:00000000 core_cm3.c
C:\Users\kreyl\AppData\Local\Temp\ccQBQwhL.s:15     .text.__get_PSP:00000000 $t
C:\Users\kreyl\AppData\Local\Temp\ccQBQwhL.s:20     .text.__get_PSP:00000000 __get_PSP
C:\Users\kreyl\AppData\Local\Temp\ccQBQwhL.s:33     .text.__set_PSP:00000000 $t
C:\Users\kreyl\AppData\Local\Temp\ccQBQwhL.s:38     .text.__set_PSP:00000000 __set_PSP
C:\Users\kreyl\AppData\Local\Temp\ccQBQwhL.s:50     .text.__get_MSP:00000000 $t
C:\Users\kreyl\AppData\Local\Temp\ccQBQwhL.s:55     .text.__get_MSP:00000000 __get_MSP
C:\Users\kreyl\AppData\Local\Temp\ccQBQwhL.s:68     .text.__set_MSP:00000000 $t
C:\Users\kreyl\AppData\Local\Temp\ccQBQwhL.s:73     .text.__set_MSP:00000000 __set_MSP
C:\Users\kreyl\AppData\Local\Temp\ccQBQwhL.s:85     .text.__get_BASEPRI:00000000 $t
C:\Users\kreyl\AppData\Local\Temp\ccQBQwhL.s:90     .text.__get_BASEPRI:00000000 __get_BASEPRI
C:\Users\kreyl\AppData\Local\Temp\ccQBQwhL.s:101    .text.__set_BASEPRI:00000000 $t
C:\Users\kreyl\AppData\Local\Temp\ccQBQwhL.s:106    .text.__set_BASEPRI:00000000 __set_BASEPRI
C:\Users\kreyl\AppData\Local\Temp\ccQBQwhL.s:117    .text.__get_PRIMASK:00000000 $t
C:\Users\kreyl\AppData\Local\Temp\ccQBQwhL.s:122    .text.__get_PRIMASK:00000000 __get_PRIMASK
C:\Users\kreyl\AppData\Local\Temp\ccQBQwhL.s:133    .text.__set_PRIMASK:00000000 $t
C:\Users\kreyl\AppData\Local\Temp\ccQBQwhL.s:138    .text.__set_PRIMASK:00000000 __set_PRIMASK
C:\Users\kreyl\AppData\Local\Temp\ccQBQwhL.s:149    .text.__get_FAULTMASK:00000000 $t
C:\Users\kreyl\AppData\Local\Temp\ccQBQwhL.s:154    .text.__get_FAULTMASK:00000000 __get_FAULTMASK
C:\Users\kreyl\AppData\Local\Temp\ccQBQwhL.s:165    .text.__set_FAULTMASK:00000000 $t
C:\Users\kreyl\AppData\Local\Temp\ccQBQwhL.s:170    .text.__set_FAULTMASK:00000000 __set_FAULTMASK
C:\Users\kreyl\AppData\Local\Temp\ccQBQwhL.s:181    .text.__get_CONTROL:00000000 $t
C:\Users\kreyl\AppData\Local\Temp\ccQBQwhL.s:186    .text.__get_CONTROL:00000000 __get_CONTROL
C:\Users\kreyl\AppData\Local\Temp\ccQBQwhL.s:197    .text.__set_CONTROL:00000000 $t
C:\Users\kreyl\AppData\Local\Temp\ccQBQwhL.s:202    .text.__set_CONTROL:00000000 __set_CONTROL
C:\Users\kreyl\AppData\Local\Temp\ccQBQwhL.s:213    .text.__REV:00000000 $t
C:\Users\kreyl\AppData\Local\Temp\ccQBQwhL.s:218    .text.__REV:00000000 __REV
C:\Users\kreyl\AppData\Local\Temp\ccQBQwhL.s:229    .text.__REV16:00000000 $t
C:\Users\kreyl\AppData\Local\Temp\ccQBQwhL.s:234    .text.__REV16:00000000 __REV16
C:\Users\kreyl\AppData\Local\Temp\ccQBQwhL.s:245    .text.__REVSH:00000000 $t
C:\Users\kreyl\AppData\Local\Temp\ccQBQwhL.s:250    .text.__REVSH:00000000 __REVSH
C:\Users\kreyl\AppData\Local\Temp\ccQBQwhL.s:261    .text.__RBIT:00000000 $t
C:\Users\kreyl\AppData\Local\Temp\ccQBQwhL.s:266    .text.__RBIT:00000000 __RBIT
C:\Users\kreyl\AppData\Local\Temp\ccQBQwhL.s:277    .text.__LDREXB:00000000 $t
C:\Users\kreyl\AppData\Local\Temp\ccQBQwhL.s:282    .text.__LDREXB:00000000 __LDREXB
C:\Users\kreyl\AppData\Local\Temp\ccQBQwhL.s:294    .text.__LDREXH:00000000 $t
C:\Users\kreyl\AppData\Local\Temp\ccQBQwhL.s:299    .text.__LDREXH:00000000 __LDREXH
C:\Users\kreyl\AppData\Local\Temp\ccQBQwhL.s:311    .text.__LDREXW:00000000 $t
C:\Users\kreyl\AppData\Local\Temp\ccQBQwhL.s:316    .text.__LDREXW:00000000 __LDREXW
C:\Users\kreyl\AppData\Local\Temp\ccQBQwhL.s:327    .text.__STREXB:00000000 $t
C:\Users\kreyl\AppData\Local\Temp\ccQBQwhL.s:332    .text.__STREXB:00000000 __STREXB
C:\Users\kreyl\AppData\Local\Temp\ccQBQwhL.s:343    .text.__STREXH:00000000 $t
C:\Users\kreyl\AppData\Local\Temp\ccQBQwhL.s:348    .text.__STREXH:00000000 __STREXH
C:\Users\kreyl\AppData\Local\Temp\ccQBQwhL.s:359    .text.__STREXW:00000000 $t
C:\Users\kreyl\AppData\Local\Temp\ccQBQwhL.s:364    .text.__STREXW:00000000 __STREXW

NO UNDEFINED SYMBOLS
